Microchip MPLAB XC8 Compiler V3.00

Linker command line:

-W-3 \
  --edf=C:\Program Files\Microchip\xc8\v3.00\pic\dat\20241204225717_en.msgs \
  -cn -h+dist/default/production\TY1500_U3_V06.X.production.sym \
  --cmf=dist/default/production\TY1500_U3_V06.X.production.cmf -z -Q16F1936 \
  -oC:\Users\t00904\AppData\Local\Temp\xcAs1ks.\driver_tmp_3.o \
  --defsym=__MPLAB_BUILD=1 --fixupoverflow=error \
  -Mdist/default/production/TY1500_U3_V06.X.production.map \
  --md=C:\Users\t00904\AppData\Local\Temp\xcAs1ks.\driver_tmp_0.dat -E1 \
  -ver=XC8 Compiler -ACODE=00h-07FFhx4 -ASTRCODE=00h-01FFFh \
  -ASTRING=00h-0FFhx32 -ACONST=00h-0FFhx32 -AENTRY=00h-0FFhx32 \
  -ACOMMON=070h-07Fh -ABANK0=020h-06Fh -ABANK1=0A0h-0EFh \
  -ABANK2=0120h-016Fh -ABANK3=01A0h-01EFh -ABANK4=0220h-026Fh \
  -ABANK5=02A0h-02EFh -ABANK6=0320h-032Fh -ABIGRAM=02000h-021EFh \
  -ARAM=020h-06Fh,0A0h-0EFh,0120h-016Fh,01A0h-01EFh,0220h-026Fh,02A0h-02EFh,0320h-032Fh \
  -AABS1=020h-07Fh,0A0h-0EFh,0120h-016Fh,01A0h-01EFh,0220h-026Fh,02A0h-02EFh,0320h-032Fh \
  -ASFR0=00h-01Fh -ASFR1=080h-09Fh -ASFR2=0100h-011Fh -ASFR3=0180h-019Fh \
  -ASFR4=0200h-021Fh -ASFR5=0280h-029Fh -ASFR6=0300h-031Fh \
  -ASFR7=0380h-03EFh -ASFR8=0400h-046Fh -ASFR9=0480h-04EFh \
  -ASFR10=0500h-056Fh -ASFR11=0580h-05EFh -ASFR12=0600h-066Fh \
  -ASFR13=0680h-06EFh -ASFR14=0700h-076Fh -ASFR15=0780h-07EFh \
  -ASFR16=0800h-086Fh -ASFR17=0880h-08EFh -ASFR18=0900h-096Fh \
  -ASFR19=0980h-09EFh -ASFR20=0A00h-0A6Fh -ASFR21=0A80h-0AEFh \
  -ASFR22=0B00h-0B6Fh -ASFR23=0B80h-0BEFh -ASFR24=0C00h-0C6Fh \
  -ASFR25=0C80h-0CEFh -ASFR26=0D00h-0D6Fh -ASFR27=0D80h-0DEFh \
  -ASFR28=0E00h-0E6Fh -ASFR29=0E80h-0EEFh -ASFR30=0F00h-0F6Fh \
  -ASFR31=0F80h-0FEFh -ACONFIG=08007h-08008h -DCONFIG=2 \
  -AIDLOC=08000h-08003h -DIDLOC=2 -AEEDATA=00h-0FFh/0F000h \
  -peeprom_data=EEDATA -DEEDATA=2 -DCODE=2 -DSTRCODE=2 -DSTRING=2 -DCONST=2 \
  -DENTRY=2 -preset_vec=00h,intentry=04h,sivt,init,end_init -ppowerup=CODE \
  -pcinit=CODE -pfunctab=ENTRY -k \
  C:\Users\t00904\AppData\Local\Temp\xcAs1ks.\driver_tmp_15.o \
  dist/default/production\TY1500_U3_V06.X.production.o 

Object code version is 3.11

Machine type is 16F1936



                Name                               Link     Load   Length Selector   Space Scale
C:\Users\t00904\AppData\Local\Temp\xcAs1ks.\driver_tmp_15.o
                end_init                             13       13        2        8       0
                reset_vec                             0        0        2        0       0
                config                             8007     8007        2        0       4
dist/default/production\TY1500_U3_V06.X.production.o
                cinit                                15       15       1C        8       0
                intentry                              4        4        F        8       0
                config                             8007     8007        2        0       4
                text62                              4BA      4BA        E        8       0
                text61                              49B      49B       10        8       0
                text59                              451      451       17        8       0
                text58                              527      527        8        8       0
                text57                              594      594        3        8       0
                text56                              591      591        3        8       0
                text55                              566      566        5        8       0
                text54                              542      542        6        8       0
                text53                              408      408       1A        8       0
                text52                              51F      51F        8        8       0
                text51                              3EE      3EE       1A        8       0
                text50                              58E      58E        3        8       0
                text49                              58B      58B        3        8       0
                text48                              4EE      4EE        C        8       0
                text47                              48B      48B       10        8       0
                text46                              517      517        8        8       0
                text45                              505      505        A        8       0
                text44                              3D3      3D3       1B        8       0
                text43                              47B      47B       10        8       0
                text42                              32C      32C       2C        8       0
                text41                              3AC      3AC       27        8       0
                text40                              2D3      2D3       2D        8       0
                text39                              300      300       2C        8       0
                text38                              2A6      2A6       2D        8       0
                text37                              382      382       2A        8       0
                text36                              276      276       30        8       0
                text35                              358      358       2A        8       0
                text34                              246      246       30        8       0
                text33                              216      216       30        8       0
                text32                               31       31       BB        8       0
                text31                              4AB      4AB        F        8       0
                text30                              57B      57B        4        8       0
                text29                              561      561        5        8       0
                text28                              55C      55C        5        8       0
                text27                              577      577        4        8       0
                text26                              573      573        4        8       0
                text25                              557      557        5        8       0
                text24                              19F      19F       44        8       0
                text23                               EC       EC       60        8       0
                text22                              1E3      1E3       33        8       0
                text21                              14C      14C       53        8       0
                text20                              4D5      4D5        D        8       0
                text19                              4E2      4E2        C        8       0
                text18                              422      422       18        8       0
                text17                              4C8      4C8        D        8       0
                text16                              50F      50F        8        8       0
                text15                              56F      56F        4        8       0
                text14                              468      468       13        8       0
                text13                              53C      53C        6        8       0
                text12                              59A      59A        1        8       0
                text11                              52F      52F        7        8       0
                text10                              588      588        3        8       0
                text9                               56B      56B        4        8       0
                text8                               552      552        5        8       0
                text7                               4FA      4FA        B        8       0
                text6                               54D      54D        5        8       0
                text5                               585      585        3        8       0
                text4                               582      582        3        8       0
                text3                               57F      57F        3        8       0
                text2                               548      548        5        8       0
                text1                               599      599        1        8       0
                maintext                            43A      43A       17        8       0
                cstackCOMMON                         78       78        6       70       1
                clrtext                             536      536        6        8       0
                dataBANK0                            2E       2E        2       20       1
                bssBANK0                             20       20        E       20       1
                bssCOMMON                            70       70        8       70       1
                idataBANK0                          597      597        2        8       0

TOTAL           Name                               Link     Load   Length     Space
        CLASS   CODE           
                end_init                             13       13        2         0
                cinit                                15       15       1C         0
                intentry                              4        4        F         0
                reset_vec                             0        0        2         0
                text62                              4BA      4BA        E         0
                text61                              49B      49B       10         0
                text59                              451      451       17         0
                text58                              527      527        8         0
                text57                              594      594        3         0
                text56                              591      591        3         0
                text55                              566      566        5         0
                text54                              542      542        6         0
                text53                              408      408       1A         0
                text52                              51F      51F        8         0
                text51                              3EE      3EE       1A         0
                text50                              58E      58E        3         0
                text49                              58B      58B        3         0
                text48                              4EE      4EE        C         0
                text47                              48B      48B       10         0
                text46                              517      517        8         0
                text45                              505      505        A         0
                text44                              3D3      3D3       1B         0
                text43                              47B      47B       10         0
                text42                              32C      32C       2C         0
                text41                              3AC      3AC       27         0
                text40                              2D3      2D3       2D         0
                text39                              300      300       2C         0
                text38                              2A6      2A6       2D         0
                text37                              382      382       2A         0
                text36                              276      276       30         0
                text35                              358      358       2A         0
                text34                              246      246       30         0
                text33                              216      216       30         0
                text32                               31       31       BB         0
                text31                              4AB      4AB        F         0
                text30                              57B      57B        4         0
                text29                              561      561        5         0
                text28                              55C      55C        5         0
                text27                              577      577        4         0
                text26                              573      573        4         0
                text25                              557      557        5         0
                text24                              19F      19F       44         0
                text23                               EC       EC       60         0
                text22                              1E3      1E3       33         0
                text21                              14C      14C       53         0
                text20                              4D5      4D5        D         0
                text19                              4E2      4E2        C         0
                text18                              422      422       18         0
                text17                              4C8      4C8        D         0
                text16                              50F      50F        8         0
                text15                              56F      56F        4         0
                text14                              468      468       13         0
                text13                              53C      53C        6         0
                text12                              59A      59A        1         0
                text11                              52F      52F        7         0
                text10                              588      588        3         0
                text9                               56B      56B        4         0
                text8                               552      552        5         0
                text7                               4FA      4FA        B         0
                text6                               54D      54D        5         0
                text5                               585      585        3         0
                text4                               582      582        3         0
                text3                               57F      57F        3         0
                text2                               548      548        5         0
                text1                               599      599        1         0
                maintext                            43A      43A       17         0
                clrtext                             536      536        6         0
                idataBANK0                          597      597        2         0

        CLASS   STRCODE        

        CLASS   STRING         

        CLASS   CONST          

        CLASS   ENTRY          

        CLASS   COMMON         
                cstackCOMMON                         78       78        6         1
                bssCOMMON                            70       70        8         1

        CLASS   BANK0          
                dataBANK0                            2E       2E        2         1
                bssBANK0                             20       20        E         1

        CLASS   BANK1          

        CLASS   BANK2          

        CLASS   BANK3          

        CLASS   BANK4          

        CLASS   BANK5          

        CLASS   BANK6          

        CLASS   BIGRAM         

        CLASS   RAM            

        CLASS   ABS1           
                abs_s1                               7E       7E        2         1

        CLASS   SFR0           

        CLASS   SFR1           

        CLASS   SFR2           

        CLASS   SFR3           

        CLASS   SFR4           

        CLASS   SFR5           

        CLASS   SFR6           

        CLASS   SFR7           

        CLASS   SFR8           

        CLASS   SFR9           

        CLASS   SFR10          

        CLASS   SFR11          

        CLASS   SFR12          

        CLASS   SFR13          

        CLASS   SFR14          

        CLASS   SFR15          

        CLASS   SFR16          

        CLASS   SFR17          

        CLASS   SFR18          

        CLASS   SFR19          

        CLASS   SFR20          

        CLASS   SFR21          

        CLASS   SFR22          

        CLASS   SFR23          

        CLASS   SFR24          

        CLASS   SFR25          

        CLASS   SFR26          

        CLASS   SFR27          

        CLASS   SFR28          

        CLASS   SFR29          

        CLASS   SFR30          

        CLASS   SFR31          

        CLASS   CONFIG         
                config                             8007     8007        2         4

        CLASS   IDLOC          

        CLASS   EEDATA         

        CLASS   BANK31         

        CLASS   BANK30         

        CLASS   BANK29         

        CLASS   BANK28         

        CLASS   BANK27         

        CLASS   BANK26         

        CLASS   BANK25         

        CLASS   BANK24         

        CLASS   BANK23         

        CLASS   BANK22         

        CLASS   BANK21         

        CLASS   BANK20         

        CLASS   BANK19         

        CLASS   BANK18         

        CLASS   BANK17         

        CLASS   BANK16         

        CLASS   BANK15         

        CLASS   BANK14         

        CLASS   BANK13         

        CLASS   BANK12         

        CLASS   BANK11         

        CLASS   BANK10         

        CLASS   BANK9          

        CLASS   BANK8          

        CLASS   BANK7          

        CLASS   HEAP           

        CLASS   STACK          



SEGMENTS        Name                           Load    Length   Top    Selector   Space  Class     Delta

                reset_vec                      000000  000002  000002         0       0  CODE        2
                intentry                       000004  000597  00059B         8       0  CODE        2
                bssBANK0                       000020  000010  000030        20       1  BANK0       1
                bssCOMMON                      000070  00000E  00007E        70       1  COMMON      1


UNUSED ADDRESS RANGES

        Name                Unused          Largest block    Delta
        BANK0            00030-0006F              40           1
        BANK1            000A0-000EF              50           1
        BANK2            00120-0016F              50           1
        BANK3            001A0-001EF              50           1
        BANK4            00220-0026F              50           1
        BANK5            002A0-002EF              50           1
        BANK6            00320-0032F              10           1
        BIGRAM           02000-021EF             1F0           1
        CODE             00002-00003               2           2
                         0059B-01FFF             800
        CONST            00002-00003               2           2
                         0059B-01FFF             100
        EEDATA           0F000-0F0FF             100           2
        ENTRY            00002-00003               2           2
                         0059B-01FFF             100
        IDLOC            08000-08003               4           2
        RAM              00030-0006F              40           1
                         000A0-000EF              50
                         00120-0016F              50
                         001A0-001EF              50
                         00220-0026F              50
                         002A0-002EF              50
                         00320-0032F              10
        SFR0             00000-0001F              20           1
        SFR1             00080-0009F              20           1
        SFR10            00500-0056F              70           1
        SFR11            00580-005EF              70           1
        SFR12            00600-0066F              70           1
        SFR13            00680-006EF              70           1
        SFR14            00700-0076F              70           1
        SFR15            00780-007EF              70           1
        SFR16            00800-0086F              70           1
        SFR17            00880-008EF              70           1
        SFR18            00900-0096F              70           1
        SFR19            00980-009EF              70           1
        SFR2             00100-0011F              20           1
        SFR20            00A00-00A6F              70           1
        SFR21            00A80-00AEF              70           1
        SFR22            00B00-00B6F              70           1
        SFR23            00B80-00BEF              70           1
        SFR24            00C00-00C6F              70           1
        SFR25            00C80-00CEF              70           1
        SFR26            00D00-00D6F              70           1
        SFR27            00D80-00DEF              70           1
        SFR28            00E00-00E6F              70           1
        SFR29            00E80-00EEF              70           1
        SFR3             00180-0019F              20           1
        SFR30            00F00-00F6F              70           1
        SFR31            00F80-00FEF              70           1
        SFR4             00200-0021F              20           1
        SFR5             00280-0029F              20           1
        SFR6             00300-0031F              20           1
        SFR7             00380-003EF              70           1
        SFR8             00400-0046F              70           1
        SFR9             00480-004EF              70           1
        STRCODE          00002-00003               2           2
                         0059B-01FFF            1A65
        STRING           00002-00003               2           2
                         0059B-01FFF             100

                                  Symbol Table

EPWM1_LoadDutyValue@dutyValue             cstackCOMMON 00078
TMR0_SetInterruptHandler@InterruptHandler cstackCOMMON 00078
TMR0_WriteTimer@timerVal                  cstackCOMMON 00078
TMR2_HasOverflowOccured@status            cstackCOMMON 00078
TMR2_LoadPeriodRegister@periodVal         cstackCOMMON 00078
TMR2_WriteTimer@timerVal                  cstackCOMMON 00078
_ANSELA                                   (abs)        0018C
_ANSELB                                   (abs)        0018D
_APFCON                                   (abs)        0011D
_BORCON                                   (abs)        00116
_CCP1CON                                  (abs)        00293
_CCPR1H                                   (abs)        00292
_CCPR1L                                   (abs)        00291
_CCPTMRS0bits                             (abs)        0029E
_DRL_on                                   text53       00408
_ECCP1AS                                  (abs)        00295
_EPWM1_Initialize                         text20       004D5
_EPWM1_LoadDutyValue                      text59       00451
_INTCONbits                               (abs)        0000B
_INTERRUPT_InterruptManager               intentry     00004
_LATA                                     (abs)        0010C
_LATAbits                                 (abs)        0010C
_LATB                                     (abs)        0010D
_LATC                                     (abs)        0010E
_LATCbits                                 (abs)        0010E
_LATE                                     (abs)        00110
_LED_main                                 text21       0014C
_OPTION_REG                               (abs)        00095
_OPTION_REGbits                           (abs)        00095
_ORB                                      bssCOMMON    00076
_OSCCON                                   (abs)        00099
_OSCILLATOR_Initialize                    text19       004E2
_OSCTUNE                                  (abs)        00098
_P2_off                                   text50       0058E
_P2_on                                    text49       0058B
_PIN_MANAGER_IOC                          text12       0059A
_PIN_MANAGER_Initialize                   text18       00422
_PIR1bits                                 (abs)        00011
_PLLR                                     (abs)        004D6
_PORTBbits                                (abs)        0000D
_PORTCbits                                (abs)        0000E
_POS_on                                   text51       003EE
_PR2                                      (abs)        0001B
_PSTR1CON                                 (abs)        00296
_PWM1CON                                  (abs)        00294
_PWM_DRL                                  text58       00527
_PWM_POS                                  text52       0051F
_PWM_all_off                              text11       0052F
_PWM_turn_signals                         text46       00517
_SYSTEM_Initialize                        text14       00468
_T2CON                                    (abs)        0001C
_T2CONbits                                (abs)        0001C
_TMR0                                     (abs)        00015
_TMR0_ISR                                 text61       0049B
_TMR0_Initialize                          text17       004C8
_TMR0_InterruptHandler                    bssBANK0     00028
_TMR0_ReadTimer                           text10       00588
_TMR0_Reload                              text9        0056B
_TMR0_SetInterruptHandler                 text13       0053C
_TMR0_WriteTimer                          text8        00552
_TMR2                                     (abs)        0001A
_TMR2_HasOverflowOccured                  text7        004FA
_TMR2_Initialize                          text16       0050F
_TMR2_LoadPeriodRegister                  text6        0054D
_TMR2_ReadTimer                           text5        00585
_TMR2_StartTimer                          text4        00582
_TMR2_StopTimer                           text3        0057F
_TMR2_WriteTimer                          text2        00548
_TRISA                                    (abs)        0008C
_TRISB                                    (abs)        0008D
_TRISC                                    (abs)        0008E
_TRISE                                    (abs)        00090
_WDTCON                                   (abs)        00097
_WDT_Initialize                           text15       0056F
_WPUB                                     (abs)        0020D
_WPUE                                     (abs)        00210
__H__absolute__                           __absolute__ 00000
__Habs1                                   abs1         00000
__Hbank0                                  bank0        00000
__Hbank1                                  bank1        00000
__Hbank10                                 bank10       00000
__Hbank11                                 bank11       00000
__Hbank12                                 bank12       00000
__Hbank13                                 bank13       00000
__Hbank14                                 bank14       00000
__Hbank15                                 bank15       00000
__Hbank16                                 bank16       00000
__Hbank17                                 bank17       00000
__Hbank18                                 bank18       00000
__Hbank19                                 bank19       00000
__Hbank2                                  bank2        00000
__Hbank20                                 bank20       00000
__Hbank21                                 bank21       00000
__Hbank22                                 bank22       00000
__Hbank23                                 bank23       00000
__Hbank24                                 bank24       00000
__Hbank25                                 bank25       00000
__Hbank26                                 bank26       00000
__Hbank27                                 bank27       00000
__Hbank28                                 bank28       00000
__Hbank29                                 bank29       00000
__Hbank3                                  bank3        00000
__Hbank30                                 bank30       00000
__Hbank31                                 bank31       00000
__Hbank4                                  bank4        00000
__Hbank5                                  bank5        00000
__Hbank6                                  bank6        00000
__Hbank7                                  bank7        00000
__Hbank8                                  bank8        00000
__Hbank9                                  bank9        00000
__Hbigram                                 bigram       00000
__HbssBANK0                               bssBANK0     00000
__HbssCOMMON                              bssCOMMON    00000
__Hcinit                                  cinit        00031
__Hclrtext                                clrtext      00000
__Hcode                                   code         00000
__Hcommon                                 common       00000
__Hconfig                                 config       08009
__HcstackCOMMON                           cstackCOMMON 00000
__HdataBANK0                              dataBANK0    00000
__Heeprom_data                            eeprom_data  00000
__Hend_init                               end_init     00015
__Hfunctab                                functab      00000
__Hheap                                   heap         00000
__HidataBANK0                             idataBANK0   00000
__Hinit                                   init         00013
__Hintentry                               intentry     00013
__Hmaintext                               maintext     00000
__Hpowerup                                powerup      00000
__Hram                                    ram          00000
__Hreset_vec                              reset_vec    00002
__Hsfr0                                   sfr0         00000
__Hsfr1                                   sfr1         00000
__Hsfr10                                  sfr10        00000
__Hsfr11                                  sfr11        00000
__Hsfr12                                  sfr12        00000
__Hsfr13                                  sfr13        00000
__Hsfr14                                  sfr14        00000
__Hsfr15                                  sfr15        00000
__Hsfr16                                  sfr16        00000
__Hsfr17                                  sfr17        00000
__Hsfr18                                  sfr18        00000
__Hsfr19                                  sfr19        00000
__Hsfr2                                   sfr2         00000
__Hsfr20                                  sfr20        00000
__Hsfr21                                  sfr21        00000
__Hsfr22                                  sfr22        00000
__Hsfr23                                  sfr23        00000
__Hsfr24                                  sfr24        00000
__Hsfr25                                  sfr25        00000
__Hsfr26                                  sfr26        00000
__Hsfr27                                  sfr27        00000
__Hsfr28                                  sfr28        00000
__Hsfr29                                  sfr29        00000
__Hsfr3                                   sfr3         00000
__Hsfr30                                  sfr30        00000
__Hsfr31                                  sfr31        00000
__Hsfr4                                   sfr4         00000
__Hsfr5                                   sfr5         00000
__Hsfr6                                   sfr6         00000
__Hsfr7                                   sfr7         00000
__Hsfr8                                   sfr8         00000
__Hsfr9                                   sfr9         00000
__Hsivt                                   sivt         00013
__Hspace_0                                (abs)        0059B
__Hspace_1                                (abs)        0007E
__Hspace_2                                (abs)        00000
__Hspace_3                                (abs)        00000
__Hspace_4                                (abs)        10010
__Hstack                                  stack        00000
__Hstrings                                strings      00000
__Htext                                   text         00000
__L__absolute__                           __absolute__ 00000
__Labs1                                   abs1         00000
__Lbank0                                  bank0        00000
__Lbank1                                  bank1        00000
__Lbank10                                 bank10       00000
__Lbank11                                 bank11       00000
__Lbank12                                 bank12       00000
__Lbank13                                 bank13       00000
__Lbank14                                 bank14       00000
__Lbank15                                 bank15       00000
__Lbank16                                 bank16       00000
__Lbank17                                 bank17       00000
__Lbank18                                 bank18       00000
__Lbank19                                 bank19       00000
__Lbank2                                  bank2        00000
__Lbank20                                 bank20       00000
__Lbank21                                 bank21       00000
__Lbank22                                 bank22       00000
__Lbank23                                 bank23       00000
__Lbank24                                 bank24       00000
__Lbank25                                 bank25       00000
__Lbank26                                 bank26       00000
__Lbank27                                 bank27       00000
__Lbank28                                 bank28       00000
__Lbank29                                 bank29       00000
__Lbank3                                  bank3        00000
__Lbank30                                 bank30       00000
__Lbank31                                 bank31       00000
__Lbank4                                  bank4        00000
__Lbank5                                  bank5        00000
__Lbank6                                  bank6        00000
__Lbank7                                  bank7        00000
__Lbank8                                  bank8        00000
__Lbank9                                  bank9        00000
__Lbigram                                 bigram       00000
__LbssBANK0                               bssBANK0     00000
__LbssCOMMON                              bssCOMMON    00000
__Lcinit                                  cinit        00015
__Lclrtext                                clrtext      00000
__Lcode                                   code         00000
__Lcommon                                 common       00000
__Lconfig                                 config       00000
__LcstackCOMMON                           cstackCOMMON 00000
__LdataBANK0                              dataBANK0    00000
__Leeprom_data                            eeprom_data  00000
__Lend_init                               end_init     00013
__Lfunctab                                functab      00000
__Lheap                                   heap         00000
__LidataBANK0                             idataBANK0   00000
__Linit                                   init         00013
__Lintentry                               intentry     00004
__Lmaintext                               maintext     00000
__Lpowerup                                powerup      00000
__Lram                                    ram          00000
__Lreset_vec                              reset_vec    00000
__Lsfr0                                   sfr0         00000
__Lsfr1                                   sfr1         00000
__Lsfr10                                  sfr10        00000
__Lsfr11                                  sfr11        00000
__Lsfr12                                  sfr12        00000
__Lsfr13                                  sfr13        00000
__Lsfr14                                  sfr14        00000
__Lsfr15                                  sfr15        00000
__Lsfr16                                  sfr16        00000
__Lsfr17                                  sfr17        00000
__Lsfr18                                  sfr18        00000
__Lsfr19                                  sfr19        00000
__Lsfr2                                   sfr2         00000
__Lsfr20                                  sfr20        00000
__Lsfr21                                  sfr21        00000
__Lsfr22                                  sfr22        00000
__Lsfr23                                  sfr23        00000
__Lsfr24                                  sfr24        00000
__Lsfr25                                  sfr25        00000
__Lsfr26                                  sfr26        00000
__Lsfr27                                  sfr27        00000
__Lsfr28                                  sfr28        00000
__Lsfr29                                  sfr29        00000
__Lsfr3                                   sfr3         00000
__Lsfr30                                  sfr30        00000
__Lsfr31                                  sfr31        00000
__Lsfr4                                   sfr4         00000
__Lsfr5                                   sfr5         00000
__Lsfr6                                   sfr6         00000
__Lsfr7                                   sfr7         00000
__Lsfr8                                   sfr8         00000
__Lsfr9                                   sfr9         00000
__Lsivt                                   sivt         00013
__Lspace_0                                (abs)        00000
__Lspace_1                                (abs)        00000
__Lspace_2                                (abs)        00000
__Lspace_3                                (abs)        00000
__Lspace_4                                (abs)        00000
__Lstack                                  stack        00000
__Lstrings                                strings      00000
__Ltext                                   text         00000
__S0                                      (abs)        0059B
__S1                                      (abs)        0007E
__S3                                      (abs)        00000
___heap_hi                                (abs)        00000
___heap_lo                                (abs)        00000
___int_sp                                 stack        00000
___int_stack_hi                           stack        00000
___int_stack_lo                           stack        00000
___latbits                                (abs)        00002
___sp                                     stack        00000
___stack_hi                               stack        00000
___stack_lo                               stack        00000
___stackhi                                (abs)        00000
___stacklo                                (abs)        00000
__end_of_DRL_on                           text53       00422
__end_of_EPWM1_Initialize                 text20       004E2
__end_of_EPWM1_LoadDutyValue              text59       00468
__end_of_INTERRUPT_InterruptManager       intentry     00013
__end_of_LED_main                         text21       0019F
__end_of_OSCILLATOR_Initialize            text19       004EE
__end_of_P2_off                           text50       00591
__end_of_P2_on                            text49       0058E
__end_of_PIN_MANAGER_IOC                  text12       0059B
__end_of_PIN_MANAGER_Initialize           text18       0043A
__end_of_POS_on                           text51       00408
__end_of_PWM_DRL                          text58       0052F
__end_of_PWM_POS                          text52       00527
__end_of_PWM_all_off                      text11       00536
__end_of_PWM_turn_signals                 text46       0051F
__end_of_SYSTEM_Initialize                text14       0047B
__end_of_TMR0_ISR                         text61       004AB
__end_of_TMR0_Initialize                  text17       004D5
__end_of_TMR0_ReadTimer                   text10       0058B
__end_of_TMR0_Reload                      text9        0056F
__end_of_TMR0_SetInterruptHandler         text13       00542
__end_of_TMR0_WriteTimer                  text8        00557
__end_of_TMR2_HasOverflowOccured          text7        00505
__end_of_TMR2_Initialize                  text16       00517
__end_of_TMR2_LoadPeriodRegister          text6        00552
__end_of_TMR2_ReadTimer                   text5        00588
__end_of_TMR2_StartTimer                  text4        00585
__end_of_TMR2_StopTimer                   text3        00582
__end_of_TMR2_WriteTimer                  text2        0054D
__end_of_WDT_Initialize                   text15       00573
__end_of__initialization                  cinit        0002D
__end_of_all_led_off                      text45       0050F
__end_of_all_white_led_turn_off           text57       00597
__end_of_all_white_led_turn_on            text56       00594
__end_of_all_yellow_led_turn_off          text55       0056B
__end_of_all_yellow_led_turn_on           text54       00548
__end_of_check_POS_P2                     text48       004FA
__end_of_check_test_mode                  text47       0049B
__end_of_check_welcome_light              text32       000EC
__end_of_check_welcome_signal             text31       004BA
__end_of_clear_no_call_warning_message    text1        0059A
__end_of_debounce_IO                      text24       001E3
__end_of_delay_ms                         text44       003EE
__end_of_delay_us                         text43       0048B
__end_of_is_DRL                           text30       0057F
__end_of_is_POS                           text29       00566
__end_of_is_WELCOME                       text28       00561
__end_of_is_test                          text27       0057B
__end_of_is_turn_signals                  text26       00577
__end_of_is_white                         text25       0055C
__end_of_main                             maintext     00451
__end_of_tellow_seg1_backward             text42       00358
__end_of_tmr0_10ms_even                   text62       004C8
__end_of_turn_on_turn_signals             text23       0014C
__end_of_turn_signals_state_update        text22       00216
__end_of_white_fad_out                    text41       003D3
__end_of_yellow_seg1_forward              text40       00300
__end_of_yellow_seg2_backward             text39       0032C
__end_of_yellow_seg2_forward              text38       002D3
__end_of_yellow_seg3_backward             text37       003AC
__end_of_yellow_seg3_forward              text36       002A6
__end_of_yellow_seg4_backward             text35       00382
__end_of_yellow_seg4_forward              text34       00276
__end_of_yellow_to_white                  text33       00246
__initialization                          cinit        00015
__pbssBANK0                               bssBANK0     00020
__pbssCOMMON                              bssCOMMON    00070
__pcstackCOMMON                           cstackCOMMON 00078
__pdataBANK0                              dataBANK0    0002E
__pidataBANK0                             idataBANK0   00597
__pintentry                               intentry     00004
__pmaintext                               maintext     0043A
__ptext1                                  text1        00599
__ptext10                                 text10       00588
__ptext11                                 text11       0052F
__ptext12                                 text12       0059A
__ptext13                                 text13       0053C
__ptext14                                 text14       00468
__ptext15                                 text15       0056F
__ptext16                                 text16       0050F
__ptext17                                 text17       004C8
__ptext18                                 text18       00422
__ptext19                                 text19       004E2
__ptext2                                  text2        00548
__ptext20                                 text20       004D5
__ptext21                                 text21       0014C
__ptext22                                 text22       001E3
__ptext23                                 text23       000EC
__ptext24                                 text24       0019F
__ptext25                                 text25       00557
__ptext26                                 text26       00573
__ptext27                                 text27       00577
__ptext28                                 text28       0055C
__ptext29                                 text29       00561
__ptext3                                  text3        0057F
__ptext30                                 text30       0057B
__ptext31                                 text31       004AB
__ptext32                                 text32       00031
__ptext33                                 text33       00216
__ptext34                                 text34       00246
__ptext35                                 text35       00358
__ptext36                                 text36       00276
__ptext37                                 text37       00382
__ptext38                                 text38       002A6
__ptext39                                 text39       00300
__ptext4                                  text4        00582
__ptext40                                 text40       002D3
__ptext41                                 text41       003AC
__ptext42                                 text42       0032C
__ptext43                                 text43       0047B
__ptext44                                 text44       003D3
__ptext45                                 text45       00505
__ptext46                                 text46       00517
__ptext47                                 text47       0048B
__ptext48                                 text48       004EE
__ptext49                                 text49       0058B
__ptext5                                  text5        00585
__ptext50                                 text50       0058E
__ptext51                                 text51       003EE
__ptext52                                 text52       0051F
__ptext53                                 text53       00408
__ptext54                                 text54       00542
__ptext55                                 text55       00566
__ptext56                                 text56       00591
__ptext57                                 text57       00594
__ptext58                                 text58       00527
__ptext59                                 text59       00451
__ptext6                                  text6        0054D
__ptext61                                 text61       0049B
__ptext62                                 text62       004BA
__ptext7                                  text7        004FA
__ptext8                                  text8        00552
__ptext9                                  text9        0056B
_all_led_off                              text45       00505
_all_white_led_turn_off                   text57       00594
_all_white_led_turn_on                    text56       00591
_all_yellow_led_turn_off                  text55       00566
_all_yellow_led_turn_on                   text54       00542
_check_POS_P2                             text48       004EE
_check_test_mode                          text47       0048B
_check_welcome_light                      text32       00031
_check_welcome_signal                     text31       004AB
_clear_no_call_warning_message            text1        00599
_debounce_IO                              text24       0019F
_delay_ms                                 text44       003D3
_delay_us                                 text43       0047B
_eTurn_step                               bssBANK0     0002B
_eWelcome_step                            bssCOMMON    00074
_f1ms                                     bssCOMMON    00075
_fWelcome_light                           bssCOMMON    00073
_fWelcome_light_disable                   bssCOMMON    00072
_fturn_light_disable                      bssBANK0     0002C
_fturn_off_600ms                          bssCOMMON    00070
_fturn_state                              bssBANK0     0002D
_is_DRL                                   text30       0057B
_is_POS                                   text29       00561
_is_WELCOME                               text28       0055C
_is_test                                  text27       00577
_is_turn_signals                          text26       00573
_is_white                                 text25       00557
_main                                     maintext     0043A
_tDelay_ms                                dataBANK0    0002E
_tellow_seg1_backward                     text42       0032C
_timer0ReloadVal                          bssCOMMON    00077
_tmr0_10ms_even                           text62       004BA
_turn_1ms_cnt                             bssBANK0     00026
_turn_fall_edge_cnt                       bssCOMMON    00071
_turn_off_cnt                             bssBANK0     00024
_turn_on_turn_signals                     text23       000EC
_turn_signals_state_update                text22       001E3
_welcome_1ms_cnt                          bssBANK0     00020
_white_fad_out                            text41       003AC
_yellow_seg1_forward                      text40       002D3
_yellow_seg2_backward                     text39       00300
_yellow_seg2_forward                      text38       002A6
_yellow_seg3_backward                     text37       00382
_yellow_seg3_forward                      text36       00276
_yellow_seg4_backward                     text35       00358
_yellow_seg4_forward                      text34       00246
_yellow_to_white                          text33       00216
btemp                                     (abs)        0007E
clear_ram0                                clrtext      00536
debounce_IO@TRB                           bssBANK0     0002A
debounce_IO@temp                          cstackCOMMON 00078
delay_ms@ms                               cstackCOMMON 00078
delay_us@us                               cstackCOMMON 00078
end_of_initialization                     cinit        0002D
int$flags                                 (abs)        0007E
intlevel0                                 functab      00000
intlevel1                                 functab      00000
intlevel2                                 functab      00000
intlevel3                                 functab      00000
intlevel4                                 functab      00000
intlevel5                                 functab      00000
reset_vec                                 reset_vec    00000
start                                     init         00013
start_initialization                      cinit        00015
tellow_seg1_backward@ii                   cstackCOMMON 00079
tellow_seg1_backward@pwm_idx              cstackCOMMON 0007A
white_fad_out@ii                          cstackCOMMON 00079
white_fad_out@pwm_idx                     cstackCOMMON 0007A
wtemp0                                    (abs)        0007E
yellow_seg1_forward@ii                    cstackCOMMON 00079
yellow_seg1_forward@pwm_idx               cstackCOMMON 0007A
yellow_seg2_backward@ii                   cstackCOMMON 00079
yellow_seg2_backward@pwm_idx              cstackCOMMON 0007A
yellow_seg2_forward@ii                    cstackCOMMON 00079
yellow_seg2_forward@pwm_idx               cstackCOMMON 0007A
yellow_seg3_backward@ii                   cstackCOMMON 00079
yellow_seg3_backward@pwm_idx              cstackCOMMON 0007A
yellow_seg3_forward@ii                    cstackCOMMON 00079
yellow_seg3_forward@pwm_idx               cstackCOMMON 0007A
yellow_seg4_backward@ii                   cstackCOMMON 00079
yellow_seg4_backward@pwm_idx              cstackCOMMON 0007A
yellow_seg4_forward@ii                    cstackCOMMON 00079
yellow_seg4_forward@pwm_idx               cstackCOMMON 0007A
yellow_to_white@ii                        cstackCOMMON 00079
yellow_to_white@pwm_idx                   cstackCOMMON 0007A


MODULE INFORMATION

Module		Function		Class		Link	Load	Size
D:/yiming/00work/TY1500_U3_V06.X/LED.c
		_all_white_led_turn_on		CODE           	0591	0000	3
		_PWM_turn_signals		CODE           	0517	0000	8
		_debounce_IO   		CODE           	019F	0000	68
		_tmr0_10ms_even		CODE           	04BA	0000	14
		_all_yellow_led_turn_off		CODE           	0566	0000	5
		_check_welcome_signal		CODE           	04AB	0000	15
		_P2_off        		CODE           	058E	0000	3
		_delay_us      		CODE           	047B	0000	16
		_POS_on        		CODE           	03EE	0000	26
		_clear_no_call_warning_message		CODE           	0599	0000	1
		_PWM_POS       		CODE           	051F	0000	8
		_turn_on_turn_signals		CODE           	00EC	0000	96
		_is_turn_signals		CODE           	0573	0000	4
		_is_WELCOME    		CODE           	055C	0000	5
		_check_POS_P2  		CODE           	04EE	0000	12
		_all_led_off   		CODE           	0505	0000	10
		_turn_signals_state_update		CODE           	01E3	0000	51
		_yellow_to_white		CODE           	0216	0000	48
		_PWM_all_off   		CODE           	052F	0000	7
		_white_fad_out 		CODE           	03AC	0000	39
		_is_test       		CODE           	0577	0000	4
		_PWM_DRL       		CODE           	0527	0000	8
		_P2_on         		CODE           	058B	0000	3
		_check_welcome_light		CODE           	0031	0000	187
		_check_test_mode		CODE           	048B	0000	16
		_tellow_seg1_backward		CODE           	032C	0000	44
		_is_POS        		CODE           	0561	0000	5
		_all_white_led_turn_off		CODE           	0594	0000	3
		_delay_ms      		CODE           	03D3	0000	27
		_all_yellow_led_turn_on		CODE           	0542	0000	6
		_is_white      		CODE           	0557	0000	5
		_yellow_seg2_backward		CODE           	0300	0000	44
		_yellow_seg3_backward		CODE           	0382	0000	42
		_yellow_seg4_backward		CODE           	0358	0000	42
		_LED_main      		CODE           	014C	0000	83
		_is_DRL        		CODE           	057B	0000	4
		_yellow_seg1_forward		CODE           	02D3	0000	45
		_yellow_seg2_forward		CODE           	02A6	0000	45
		_yellow_seg3_forward		CODE           	0276	0000	48
		_yellow_seg4_forward		CODE           	0246	0000	48
		_DRL_on        		CODE           	0408	0000	26

D:/yiming/00work/TY1500_U3_V06.X/LED.c estimated size: 1174

mcc_generated_files/tmr2.c
		_TMR2_LoadPeriodRegister		CODE           	054D	0000	5
		_TMR2_Initialize		CODE           	050F	0000	8
		_TMR2_StopTimer		CODE           	057F	0000	3
		_TMR2_WriteTimer		CODE           	0548	0000	5
		_TMR2_StartTimer		CODE           	0582	0000	3
		_TMR2_ReadTimer		CODE           	0585	0000	3
		_TMR2_HasOverflowOccured		CODE           	04FA	0000	11

mcc_generated_files/tmr2.c estimated size: 38

mcc_generated_files/interrupt_manager.c
		_INTERRUPT_InterruptManager		CODE           	0004	0000	15

mcc_generated_files/interrupt_manager.c estimated size: 15

mcc_generated_files/tmr0.c
		_TMR0_SetInterruptHandler		CODE           	053C	0000	6
		_TMR0_Reload   		CODE           	056B	0000	4
		_TMR0_WriteTimer		CODE           	0552	0000	5
		_TMR0_ReadTimer		CODE           	0588	0000	3
		_TMR0_ISR      		CODE           	049B	0000	16
		_TMR0_Initialize		CODE           	04C8	0000	13

mcc_generated_files/tmr0.c estimated size: 47

mcc_generated_files/pin_manager.c
		_PIN_MANAGER_Initialize		CODE           	0422	0000	24
		_PIN_MANAGER_IOC		CODE           	059A	0000	1

mcc_generated_files/pin_manager.c estimated size: 25

shared
		__initialization		CODE           	0015	0000	24

shared estimated size: 24

mcc_generated_files/mcc.c
		_WDT_Initialize		CODE           	056F	0000	4
		_OSCILLATOR_Initialize		CODE           	04E2	0000	12
		_SYSTEM_Initialize		CODE           	0468	0000	19

mcc_generated_files/mcc.c estimated size: 35

mcc_generated_files/epwm1.c
		_EPWM1_LoadDutyValue		CODE           	0451	0000	23
		_EPWM1_Initialize		CODE           	04D5	0000	13

mcc_generated_files/epwm1.c estimated size: 36

main.c
		_main          		CODE           	043A	0000	23

main.c estimated size: 23

