Microchip MPLAB XC8 Compiler V3.00

Linker command line:

-W-3 --edf=c:\PROGRA~1\MICROC~1\xc8\v3.00\pic\dat\20241204225717_en.msgs \
  -cn -h+D:\yiming\00work\TY1500_U3_V01.X\out\TY1500\default.sym \
  --cmf=D:\yiming\00work\TY1500_U3_V01.X\out\TY1500\default.cmf -z \
  -Q16F1936 -oC:\Users\t00904\AppData\Local\Temp\xcBs9bc.1\driver_tmp_3.o \
  --defsym=__MPLAB_BUILD=1 --fixupoverflow=error -Mmem.map \
  --md=C:\Users\t00904\AppData\Local\Temp\xcBs9bc.1\driver_tmp_0.dat -E1 \
  -ver=XC8 Compiler -ACODE=00h-07FFhx4 -ASTRCODE=00h-01FFFh \
  -ASTRING=00h-0FFhx32 -ACONST=00h-0FFhx32 -AENTRY=00h-0FFhx32 \
  -ACOMMON=070h-07Fh -ABANK0=020h-06Fh -ABANK1=0A0h-0EFh \
  -ABANK2=0120h-016Fh -ABANK3=01A0h-01EFh -ABANK4=0220h-026Fh \
  -ABANK5=02A0h-02EFh -ABANK6=0320h-032Fh -ABIGRAM=02000h-021EFh \
  -ARAM=020h-06Fh,0A0h-0EFh,0120h-016Fh,01A0h-01EFh,0220h-026Fh,02A0h-02EFh,0320h-032Fh \
  -AABS1=020h-07Fh,0A0h-0EFh,0120h-016Fh,01A0h-01EFh,0220h-026Fh,02A0h-02EFh,0320h-032Fh \
  -ASFR0=00h-01Fh -ASFR1=080h-09Fh -ASFR2=0100h-011Fh -ASFR3=0180h-019Fh \
  -ASFR4=0200h-021Fh -ASFR5=0280h-029Fh -ASFR6=0300h-031Fh \
  -ASFR7=0380h-03EFh -ASFR8=0400h-046Fh -ASFR9=0480h-04EFh \
  -ASFR10=0500h-056Fh -ASFR11=0580h-05EFh -ASFR12=0600h-066Fh \
  -ASFR13=0680h-06EFh -ASFR14=0700h-076Fh -ASFR15=0780h-07EFh \
  -ASFR16=0800h-086Fh -ASFR17=0880h-08EFh -ASFR18=0900h-096Fh \
  -ASFR19=0980h-09EFh -ASFR20=0A00h-0A6Fh -ASFR21=0A80h-0AEFh \
  -ASFR22=0B00h-0B6Fh -ASFR23=0B80h-0BEFh -ASFR24=0C00h-0C6Fh \
  -ASFR25=0C80h-0CEFh -ASFR26=0D00h-0D6Fh -ASFR27=0D80h-0DEFh \
  -ASFR28=0E00h-0E6Fh -ASFR29=0E80h-0EEFh -ASFR30=0F00h-0F6Fh \
  -ASFR31=0F80h-0FEFh -ACONFIG=08007h-08008h -DCONFIG=2 \
  -AIDLOC=08000h-08003h -DIDLOC=2 -AEEDATA=00h-0FFh/0F000h \
  -peeprom_data=EEDATA -DEEDATA=2 -DCODE=2 -DSTRCODE=2 -DSTRING=2 -DCONST=2 \
  -DENTRY=2 -preset_vec=00h,intentry,sivt,init,end_init -ppowerup=CODE \
  -pcinit=CODE -pfunctab=ENTRY -k \
  C:\Users\t00904\AppData\Local\Temp\xcBs9bc.1\driver_tmp_15.o \
  D:\yiming\00work\TY1500_U3_V01.X\out\TY1500\default.o 

Object code version is 3.11

Machine type is 16F1936



                Name                               Link     Load   Length Selector   Space Scale
C:\Users\t00904\AppData\Local\Temp\xcBs9bc.1\driver_tmp_15.o
                end_init                              2        2        2        0       0
                reset_vec                             0        0        2        0       0
                config                             8007     8007        2        0       4
                idloc                              8000     8000        4        0       5
D:\yiming\00work\TY1500_U3_V01.X\out\TY1500\default.o
                cinit                               7FB      7FB        5      FF6       0
                config                             8007     8007        2        0       4
                idloc                              8000     8000        4        0       5
                text18                              750      750       17      EA0       0
                text17                              6FE      6FE        7      DFC       0
                text16                              6E9      6E9        3      DD2       0
                text15                              6F3      6F3        5      DE6       0
                text14                              71D      71D        A      E3A       0
                text13                              705      705        8      E0A       0
                text12                              6EC      6EC        3      DD8       0
                text11                              6F8      6F8        6      DF0       0
                text10                              79A      79A       1C      F34       0
                text9                               70D      70D        8      E1A       0
                text8                               7B6      7B6       1C      F6C       0
                text7                               780      780       1A      F00       0
                text6                               733      733        D      E66       0
                text5                               727      727        C      E4E       0
                text4                               767      767       19      ECE       0
                text3                               715      715        8      E2A       0
                text2                               6EF      6EF        4      DDE       0
                text1                               740      740       10      E80       0
                maintext                            7D2      7D2       29      FA4       0
                cstackCOMMON                         70       70        6       70       1
                bssCOMMON                            76       76        2       70       1

TOTAL           Name                               Link     Load   Length     Space
        CLASS   CODE           
                end_init                              2        2        2         0
                cinit                               7FB      7FB        5         0
                reset_vec                             0        0        2         0
                text18                              750      750       17         0
                text17                              6FE      6FE        7         0
                text16                              6E9      6E9        3         0
                text15                              6F3      6F3        5         0
                text14                              71D      71D        A         0
                text13                              705      705        8         0
                text12                              6EC      6EC        3         0
                text11                              6F8      6F8        6         0
                text10                              79A      79A       1C         0
                text9                               70D      70D        8         0
                text8                               7B6      7B6       1C         0
                text7                               780      780       1A         0
                text6                               733      733        D         0
                text5                               727      727        C         0
                text4                               767      767       19         0
                text3                               715      715        8         0
                text2                               6EF      6EF        4         0
                text1                               740      740       10         0
                maintext                            7D2      7D2       29         0

        CLASS   STRCODE        

        CLASS   STRING         

        CLASS   CONST          

        CLASS   ENTRY          

        CLASS   COMMON         
                cstackCOMMON                         70       70        6         1
                bssCOMMON                            76       76        2         1

        CLASS   BANK0          

        CLASS   BANK1          

        CLASS   BANK2          

        CLASS   BANK3          

        CLASS   BANK4          

        CLASS   BANK5          

        CLASS   BANK6          

        CLASS   BIGRAM         

        CLASS   RAM            

        CLASS   ABS1           
                abs_s1                               7E       7E        2         1

        CLASS   SFR0           

        CLASS   SFR1           

        CLASS   SFR2           

        CLASS   SFR3           

        CLASS   SFR4           

        CLASS   SFR5           

        CLASS   SFR6           

        CLASS   SFR7           

        CLASS   SFR8           

        CLASS   SFR9           

        CLASS   SFR10          

        CLASS   SFR11          

        CLASS   SFR12          

        CLASS   SFR13          

        CLASS   SFR14          

        CLASS   SFR15          

        CLASS   SFR16          

        CLASS   SFR17          

        CLASS   SFR18          

        CLASS   SFR19          

        CLASS   SFR20          

        CLASS   SFR21          

        CLASS   SFR22          

        CLASS   SFR23          

        CLASS   SFR24          

        CLASS   SFR25          

        CLASS   SFR26          

        CLASS   SFR27          

        CLASS   SFR28          

        CLASS   SFR29          

        CLASS   SFR30          

        CLASS   SFR31          

        CLASS   CONFIG         
                config                             8007     8007        2         4

        CLASS   IDLOC          
                idloc                              8000     8000        4         5

        CLASS   EEDATA         

        CLASS   BANK31         

        CLASS   BANK30         

        CLASS   BANK29         

        CLASS   BANK28         

        CLASS   BANK27         

        CLASS   BANK26         

        CLASS   BANK25         

        CLASS   BANK24         

        CLASS   BANK23         

        CLASS   BANK22         

        CLASS   BANK21         

        CLASS   BANK20         

        CLASS   BANK19         

        CLASS   BANK18         

        CLASS   BANK17         

        CLASS   BANK16         

        CLASS   BANK15         

        CLASS   BANK14         

        CLASS   BANK13         

        CLASS   BANK12         

        CLASS   BANK11         

        CLASS   BANK10         

        CLASS   BANK9          

        CLASS   BANK8          

        CLASS   BANK7          

        CLASS   HEAP           

        CLASS   STACK          



SEGMENTS        Name                           Load    Length   Top    Selector   Space  Class     Delta

                reset_vec                      000000  000004  000004         0       0  CODE        2
                cstackCOMMON                   000070  000008  000078        70       1  COMMON      1
                text16                         0006E9  000003  0006EC       DD2       0  CODE        2
                text12                         0006EC  000003  0006EF       DD8       0  CODE        2
                text2                          0006EF  000004  0006F3       DDE       0  CODE        2
                text15                         0006F3  000005  0006F8       DE6       0  CODE        2
                text11                         0006F8  000006  0006FE       DF0       0  CODE        2
                text17                         0006FE  000007  000705       DFC       0  CODE        2
                text13                         000705  000008  00070D       E0A       0  CODE        2
                text9                          00070D  000008  000715       E1A       0  CODE        2
                text3                          000715  000008  00071D       E2A       0  CODE        2
                text14                         00071D  00000A  000727       E3A       0  CODE        2
                text5                          000727  00000C  000733       E4E       0  CODE        2
                text6                          000733  00000D  000740       E66       0  CODE        2
                text1                          000740  000010  000750       E80       0  CODE        2
                text18                         000750  000017  000767       EA0       0  CODE        2
                text4                          000767  000019  000780       ECE       0  CODE        2
                text7                          000780  00001A  00079A       F00       0  CODE        2
                text10                         00079A  00001C  0007B6       F34       0  CODE        2
                text8                          0007B6  00001C  0007D2       F6C       0  CODE        2
                maintext                       0007D2  000029  0007FB       FA4       0  CODE        2
                cinit                          0007FB  000005  000800       FF6       0  CODE        2


UNUSED ADDRESS RANGES

        Name                Unused          Largest block    Delta
        BANK0            00020-0006F              50           1
        BANK1            000A0-000EF              50           1
        BANK2            00120-0016F              50           1
        BANK3            001A0-001EF              50           1
        BANK4            00220-0026F              50           1
        BANK5            002A0-002EF              50           1
        BANK6            00320-0032F              10           1
        BIGRAM           02000-021EF             1F0           1
        CODE             00004-006E8             6E5           2
                         00800-01FFF             800
        COMMON           00078-0007D               6           1
        CONST            00004-006E8             100           2
                         00800-01FFF             100
        EEDATA           0F000-0F0FF             100           2
        ENTRY            00004-006E8             100           2
                         00800-01FFF             100
        RAM              00020-0006F              50           1
                         000A0-000EF              50
                         00120-0016F              50
                         001A0-001EF              50
                         00220-0026F              50
                         002A0-002EF              50
                         00320-0032F              10
        SFR0             00000-0001F              20           1
        SFR1             00080-0009F              20           1
        SFR10            00500-0056F              70           1
        SFR11            00580-005EF              70           1
        SFR12            00600-0066F              70           1
        SFR13            00680-006EF              70           1
        SFR14            00700-0076F              70           1
        SFR15            00780-007EF              70           1
        SFR16            00800-0086F              70           1
        SFR17            00880-008EF              70           1
        SFR18            00900-0096F              70           1
        SFR19            00980-009EF              70           1
        SFR2             00100-0011F              20           1
        SFR20            00A00-00A6F              70           1
        SFR21            00A80-00AEF              70           1
        SFR22            00B00-00B6F              70           1
        SFR23            00B80-00BEF              70           1
        SFR24            00C00-00C6F              70           1
        SFR25            00C80-00CEF              70           1
        SFR26            00D00-00D6F              70           1
        SFR27            00D80-00DEF              70           1
        SFR28            00E00-00E6F              70           1
        SFR29            00E80-00EEF              70           1
        SFR3             00180-0019F              20           1
        SFR30            00F00-00F6F              70           1
        SFR31            00F80-00FEF              70           1
        SFR4             00200-0021F              20           1
        SFR5             00280-0029F              20           1
        SFR6             00300-0031F              20           1
        SFR7             00380-003EF              70           1
        SFR8             00400-0046F              70           1
        SFR9             00480-004EF              70           1
        STRCODE          00004-006E8             6E5           2
                         00800-01FFF            1800
        STRING           00004-006E8             100           2
                         00800-01FFF             100

                                  Symbol Table

EPWM1_LoadDutyValue@dutyValue   cstackCOMMON 00070
_ALL_LED_OFF                    text14       0071D
_ANSELA                         (abs)        0018C
_ANSELB                         (abs)        0018D
_APFCON                         (abs)        0011D
_BORCON                         (abs)        00116
_CCP1CON                        (abs)        00293
_CCPR1H                         (abs)        00292
_CCPR1L                         (abs)        00291
_CCPTMRS0bits                   (abs)        0029E
_DRL_ON                         text10       0079A
_ECCP1AS                        (abs)        00295
_EPWM1_Initialize               text6        00733
_EPWM1_LoadDutyValue            text18       00750
_LATA                           (abs)        0010C
_LATAbits                       (abs)        0010C
_LATB                           (abs)        0010D
_LATC                           (abs)        0010E
_LATCbits                       (abs)        0010E
_LATE                           (abs)        00110
_OPTION_REGbits                 (abs)        00095
_OSCCON                         (abs)        00099
_OSCILLATOR_Initialize          text5        00727
_OSCTUNE                        (abs)        00098
_PIN_MANAGER_Initialize         text4        00767
_PIR1bits                       (abs)        00011
_PLLR                           (abs)        004D6
_PORTBbits                      (abs)        0000D
_PORTCbits                      (abs)        0000E
_POS_ON                         text8        007B6
_PR2                            (abs)        0001B
_PSTR1CON                       (abs)        00296
_PWM1CON                        (abs)        00294
_PWM_ALL_OFF                    text17       006FE
_PWM_DRL                        text13       00705
_PWM_POS                        text9        0070D
_PWM_TURN_ON                    text7        00780
_SYSTEM_Initialize              text1        00740
_T2CON                          (abs)        0001C
_T2CONbits                      (abs)        0001C
_TMR2                           (abs)        0001A
_TMR2_Initialize                text3        00715
_TRISA                          (abs)        0008C
_TRISB                          (abs)        0008D
_TRISC                          (abs)        0008E
_TRISE                          (abs)        00090
_WDTCON                         (abs)        00097
_WDT_Initialize                 text2        006EF
_WLED_ALL_OFF                   text16       006E9
_WLED_ALL_ON                    text12       006EC
_WPUB                           (abs)        0020D
_WPUE                           (abs)        00210
_YLED_ALL_OFF                   text15       006F3
_YLED_ALL_ON                    text11       006F8
__H__absolute__                 __absolute__ 00000
__Habs1                         abs1         00000
__Hbank0                        bank0        00000
__Hbank1                        bank1        00000
__Hbank10                       bank10       00000
__Hbank11                       bank11       00000
__Hbank12                       bank12       00000
__Hbank13                       bank13       00000
__Hbank14                       bank14       00000
__Hbank15                       bank15       00000
__Hbank16                       bank16       00000
__Hbank17                       bank17       00000
__Hbank18                       bank18       00000
__Hbank19                       bank19       00000
__Hbank2                        bank2        00000
__Hbank20                       bank20       00000
__Hbank21                       bank21       00000
__Hbank22                       bank22       00000
__Hbank23                       bank23       00000
__Hbank24                       bank24       00000
__Hbank25                       bank25       00000
__Hbank26                       bank26       00000
__Hbank27                       bank27       00000
__Hbank28                       bank28       00000
__Hbank29                       bank29       00000
__Hbank3                        bank3        00000
__Hbank30                       bank30       00000
__Hbank31                       bank31       00000
__Hbank4                        bank4        00000
__Hbank5                        bank5        00000
__Hbank6                        bank6        00000
__Hbank7                        bank7        00000
__Hbank8                        bank8        00000
__Hbank9                        bank9        00000
__Hbigram                       bigram       00000
__HbssCOMMON                    bssCOMMON    00000
__Hcinit                        cinit        00800
__Hclrtext                      clrtext      00000
__Hcode                         code         00000
__Hcommon                       common       00000
__Hconfig                       config       08009
__HcstackCOMMON                 cstackCOMMON 00000
__Heeprom_data                  eeprom_data  00000
__Hend_init                     end_init     00004
__Hfunctab                      functab      00000
__Hheap                         heap         00000
__Hidloc                        idloc        08004
__Hinit                         init         00002
__Hintentry                     intentry     00002
__Hmaintext                     maintext     00000
__Hpowerup                      powerup      00000
__Hram                          ram          00000
__Hreset_vec                    reset_vec    00002
__Hsfr0                         sfr0         00000
__Hsfr1                         sfr1         00000
__Hsfr10                        sfr10        00000
__Hsfr11                        sfr11        00000
__Hsfr12                        sfr12        00000
__Hsfr13                        sfr13        00000
__Hsfr14                        sfr14        00000
__Hsfr15                        sfr15        00000
__Hsfr16                        sfr16        00000
__Hsfr17                        sfr17        00000
__Hsfr18                        sfr18        00000
__Hsfr19                        sfr19        00000
__Hsfr2                         sfr2         00000
__Hsfr20                        sfr20        00000
__Hsfr21                        sfr21        00000
__Hsfr22                        sfr22        00000
__Hsfr23                        sfr23        00000
__Hsfr24                        sfr24        00000
__Hsfr25                        sfr25        00000
__Hsfr26                        sfr26        00000
__Hsfr27                        sfr27        00000
__Hsfr28                        sfr28        00000
__Hsfr29                        sfr29        00000
__Hsfr3                         sfr3         00000
__Hsfr30                        sfr30        00000
__Hsfr31                        sfr31        00000
__Hsfr4                         sfr4         00000
__Hsfr5                         sfr5         00000
__Hsfr6                         sfr6         00000
__Hsfr7                         sfr7         00000
__Hsfr8                         sfr8         00000
__Hsfr9                         sfr9         00000
__Hsivt                         sivt         00002
__Hspace_0                      (abs)        00800
__Hspace_1                      (abs)        00078
__Hspace_2                      (abs)        00000
__Hspace_3                      (abs)        00000
__Hspace_4                      (abs)        10010
__Hstack                        stack        00000
__Hstrings                      strings      00000
__Htext                         text         00000
__L__absolute__                 __absolute__ 00000
__Labs1                         abs1         00000
__Lbank0                        bank0        00000
__Lbank1                        bank1        00000
__Lbank10                       bank10       00000
__Lbank11                       bank11       00000
__Lbank12                       bank12       00000
__Lbank13                       bank13       00000
__Lbank14                       bank14       00000
__Lbank15                       bank15       00000
__Lbank16                       bank16       00000
__Lbank17                       bank17       00000
__Lbank18                       bank18       00000
__Lbank19                       bank19       00000
__Lbank2                        bank2        00000
__Lbank20                       bank20       00000
__Lbank21                       bank21       00000
__Lbank22                       bank22       00000
__Lbank23                       bank23       00000
__Lbank24                       bank24       00000
__Lbank25                       bank25       00000
__Lbank26                       bank26       00000
__Lbank27                       bank27       00000
__Lbank28                       bank28       00000
__Lbank29                       bank29       00000
__Lbank3                        bank3        00000
__Lbank30                       bank30       00000
__Lbank31                       bank31       00000
__Lbank4                        bank4        00000
__Lbank5                        bank5        00000
__Lbank6                        bank6        00000
__Lbank7                        bank7        00000
__Lbank8                        bank8        00000
__Lbank9                        bank9        00000
__Lbigram                       bigram       00000
__LbssCOMMON                    bssCOMMON    00000
__Lcinit                        cinit        007FB
__Lclrtext                      clrtext      00000
__Lcode                         code         00000
__Lcommon                       common       00000
__Lconfig                       config       00000
__LcstackCOMMON                 cstackCOMMON 00000
__Leeprom_data                  eeprom_data  00000
__Lend_init                     end_init     00002
__Lfunctab                      functab      00000
__Lheap                         heap         00000
__Lidloc                        idloc        00000
__Linit                         init         00002
__Lintentry                     intentry     00002
__Lmaintext                     maintext     00000
__Lpowerup                      powerup      00000
__Lram                          ram          00000
__Lreset_vec                    reset_vec    00000
__Lsfr0                         sfr0         00000
__Lsfr1                         sfr1         00000
__Lsfr10                        sfr10        00000
__Lsfr11                        sfr11        00000
__Lsfr12                        sfr12        00000
__Lsfr13                        sfr13        00000
__Lsfr14                        sfr14        00000
__Lsfr15                        sfr15        00000
__Lsfr16                        sfr16        00000
__Lsfr17                        sfr17        00000
__Lsfr18                        sfr18        00000
__Lsfr19                        sfr19        00000
__Lsfr2                         sfr2         00000
__Lsfr20                        sfr20        00000
__Lsfr21                        sfr21        00000
__Lsfr22                        sfr22        00000
__Lsfr23                        sfr23        00000
__Lsfr24                        sfr24        00000
__Lsfr25                        sfr25        00000
__Lsfr26                        sfr26        00000
__Lsfr27                        sfr27        00000
__Lsfr28                        sfr28        00000
__Lsfr29                        sfr29        00000
__Lsfr3                         sfr3         00000
__Lsfr30                        sfr30        00000
__Lsfr31                        sfr31        00000
__Lsfr4                         sfr4         00000
__Lsfr5                         sfr5         00000
__Lsfr6                         sfr6         00000
__Lsfr7                         sfr7         00000
__Lsfr8                         sfr8         00000
__Lsfr9                         sfr9         00000
__Lsivt                         sivt         00002
__Lspace_0                      (abs)        00000
__Lspace_1                      (abs)        00000
__Lspace_2                      (abs)        00000
__Lspace_3                      (abs)        00000
__Lspace_4                      (abs)        00000
__Lstack                        stack        00000
__Lstrings                      strings      00000
__Ltext                         text         00000
__S0                            (abs)        00800
__S1                            (abs)        00078
__S3                            (abs)        00000
___heap_hi                      (abs)        00000
___heap_lo                      (abs)        00000
___int_sp                       stack        00000
___int_stack_hi                 stack        00000
___int_stack_lo                 stack        00000
___latbits                      (abs)        00002
___sp                           stack        00000
___stack_hi                     stack        00000
___stack_lo                     stack        00000
___stackhi                      (abs)        00000
___stacklo                      (abs)        00000
__end_of_ALL_LED_OFF            text14       00727
__end_of_DRL_ON                 text10       007B6
__end_of_EPWM1_Initialize       text6        00740
__end_of_EPWM1_LoadDutyValue    text18       00767
__end_of_OSCILLATOR_Initialize  text5        00733
__end_of_PIN_MANAGER_Initialize text4        00780
__end_of_POS_ON                 text8        007D2
__end_of_PWM_ALL_OFF            text17       00705
__end_of_PWM_DRL                text13       0070D
__end_of_PWM_POS                text9        00715
__end_of_PWM_TURN_ON            text7        0079A
__end_of_SYSTEM_Initialize      text1        00750
__end_of_TMR2_Initialize        text3        0071D
__end_of_WDT_Initialize         text2        006F3
__end_of_WLED_ALL_OFF           text16       006EC
__end_of_WLED_ALL_ON            text12       006EF
__end_of_YLED_ALL_OFF           text15       006F8
__end_of_YLED_ALL_ON            text11       006FE
__end_of__initialization        cinit        007FD
__end_of_main                   maintext     007FB
__initialization                cinit        007FB
__pbssCOMMON                    bssCOMMON    00076
__pcstackCOMMON                 cstackCOMMON 00070
__pmaintext                     maintext     007D2
__ptext1                        text1        00740
__ptext10                       text10       0079A
__ptext11                       text11       006F8
__ptext12                       text12       006EC
__ptext13                       text13       00705
__ptext14                       text14       0071D
__ptext15                       text15       006F3
__ptext16                       text16       006E9
__ptext17                       text17       006FE
__ptext18                       text18       00750
__ptext2                        text2        006EF
__ptext3                        text3        00715
__ptext4                        text4        00767
__ptext5                        text5        00727
__ptext6                        text6        00733
__ptext7                        text7        00780
__ptext8                        text8        007B6
__ptext9                        text9        0070D
_fTEST                          bssCOMMON    00077
_fWhite                         bssCOMMON    00076
_main                           maintext     007D2
btemp                           (abs)        0007E
end_of_initialization           cinit        007FD
intlevel0                       functab      00000
intlevel1                       functab      00000
intlevel2                       functab      00000
intlevel3                       functab      00000
intlevel4                       functab      00000
intlevel5                       functab      00000
reset_vec                       reset_vec    00000
start                           init         00002
start_initialization            cinit        007FB
wtemp0                          (abs)        0007E


MODULE INFORMATION

Module		Function		Class		Link	Load	Size
D:\yiming\00work\TY1500_U3_V01.X\LED.c
		_PWM_POS       		CODE           	070D	0000	8
		_PWM_TURN_ON   		CODE           	0780	0000	26
		_DRL_ON        		CODE           	079A	0000	28
		_ALL_LED_OFF   		CODE           	071D	0000	10
		_WLED_ALL_ON   		CODE           	06EC	0000	3
		_PWM_DRL       		CODE           	0705	0000	8
		_YLED_ALL_ON   		CODE           	06F8	0000	6
		_WLED_ALL_OFF  		CODE           	06E9	0000	3
		_YLED_ALL_OFF  		CODE           	06F3	0000	5
		_POS_ON        		CODE           	07B6	0000	28
		_PWM_ALL_OFF   		CODE           	06FE	0000	7

D:\yiming\00work\TY1500_U3_V01.X\LED.c estimated size: 132

D:\yiming\00work\TY1500_U3_V01.X\mcc_generated_files\mcc.c
		_WDT_Initialize		CODE           	06EF	0000	4
		_OSCILLATOR_Initialize		CODE           	0727	0000	12
		_SYSTEM_Initialize		CODE           	0740	0000	16

D:\yiming\00work\TY1500_U3_V01.X\mcc_generated_files\mcc.c estimated size: 32

D:\yiming\00work\TY1500_U3_V01.X\main.c
		_main          		CODE           	07D2	0000	41

D:\yiming\00work\TY1500_U3_V01.X\main.c estimated size: 41

D:\yiming\00work\TY1500_U3_V01.X\mcc_generated_files\tmr2.c
		_TMR2_Initialize		CODE           	0715	0000	8

D:\yiming\00work\TY1500_U3_V01.X\mcc_generated_files\tmr2.c estimated size: 8

shared
		__initialization		CODE           	07FB	0000	2

shared estimated size: 2

D:\yiming\00work\TY1500_U3_V01.X\mcc_generated_files\pin_manager.c
		_PIN_MANAGER_Initialize		CODE           	0767	0000	25

D:\yiming\00work\TY1500_U3_V01.X\mcc_generated_files\pin_manager.c estimated size: 25

D:\yiming\00work\TY1500_U3_V01.X\mcc_generated_files\epwm1.c
		_EPWM1_LoadDutyValue		CODE           	0750	0000	23
		_EPWM1_Initialize		CODE           	0733	0000	13

D:\yiming\00work\TY1500_U3_V01.X\mcc_generated_files\epwm1.c estimated size: 36

