Microchip MPLAB XC8 Compiler V3.00

Linker command line:

-W-3 --edf=c:\PROGRA~1\MICROC~1\xc8\v3.00\pic\dat\20241204225717_en.msgs \
  -cn \
  -h+D:\yiming\00work\TY1500_U3_V01.X\out\TY1500\production\default-production.sym \
  --cmf=D:\yiming\00work\TY1500_U3_V01.X\out\TY1500\production\default-production.cmf \
  -z -w9 --disl=596:off --norlf -Q16F1936 \
  -oC:\Users\t00904\AppData\Local\Temp\xcDsijg.3\driver_tmp_3.o \
  --defsym=__MPLAB_BUILD=1 -Mmem.map \
  --md=C:\Users\t00904\AppData\Local\Temp\xcDsijg.3\driver_tmp_0.dat -E1 \
  -ver=XC8 Compiler -ACODE=00h-07FFhx4 -ASTRCODE=00h-01FFFh \
  -ASTRING=00h-0FFhx32 -ACONST=00h-0FFhx32 -AENTRY=00h-0FFhx32 \
  -ACOMMON=070h-07Fh -ABANK0=020h-06Fh -ABANK1=0A0h-0EFh \
  -ABANK2=0120h-016Fh -ABANK3=01A0h-01EFh -ABANK4=0220h-026Fh \
  -ABANK5=02A0h-02EFh -ABANK6=0320h-032Fh -ABIGRAM=02000h-021EFh \
  -ARAM=020h-06Fh,0A0h-0EFh,0120h-016Fh,01A0h-01EFh,0220h-026Fh,02A0h-02EFh,0320h-032Fh \
  -AABS1=020h-07Fh,0A0h-0EFh,0120h-016Fh,01A0h-01EFh,0220h-026Fh,02A0h-02EFh,0320h-032Fh \
  -ASFR0=00h-01Fh -ASFR1=080h-09Fh -ASFR2=0100h-011Fh -ASFR3=0180h-019Fh \
  -ASFR4=0200h-021Fh -ASFR5=0280h-029Fh -ASFR6=0300h-031Fh \
  -ASFR7=0380h-03EFh -ASFR8=0400h-046Fh -ASFR9=0480h-04EFh \
  -ASFR10=0500h-056Fh -ASFR11=0580h-05EFh -ASFR12=0600h-066Fh \
  -ASFR13=0680h-06EFh -ASFR14=0700h-076Fh -ASFR15=0780h-07EFh \
  -ASFR16=0800h-086Fh -ASFR17=0880h-08EFh -ASFR18=0900h-096Fh \
  -ASFR19=0980h-09EFh -ASFR20=0A00h-0A6Fh -ASFR21=0A80h-0AEFh \
  -ASFR22=0B00h-0B6Fh -ASFR23=0B80h-0BEFh -ASFR24=0C00h-0C6Fh \
  -ASFR25=0C80h-0CEFh -ASFR26=0D00h-0D6Fh -ASFR27=0D80h-0DEFh \
  -ASFR28=0E00h-0E6Fh -ASFR29=0E80h-0EEFh -ASFR30=0F00h-0F6Fh \
  -ASFR31=0F80h-0FEFh -ACONFIG=08007h-08008h -DCONFIG=2 \
  -AIDLOC=08000h-08003h -DIDLOC=2 -AEEDATA=00h-0FFh/0F000h \
  -peeprom_data=EEDATA -DEEDATA=2 -DCODE=2 -DSTRCODE=2 -DSTRING=2 -DCONST=2 \
  -DENTRY=2 -preset_vec=00h,intentry=04h,sivt,init,end_init -ppowerup=CODE \
  -pcinit=CODE -pfunctab=ENTRY -k \
  C:\Users\t00904\AppData\Local\Temp\xcDsijg.3\driver_tmp_15.o \
  D:\yiming\00work\TY1500_U3_V01.X\out\TY1500\production\default-production.o 

Object code version is 3.11

Machine type is 16F1936



                Name                               Link     Load   Length Selector   Space Scale
C:\Users\t00904\AppData\Local\Temp\xcDsijg.3\driver_tmp_15.o
                end_init                             1F       1F        3        8       0
                reset_vec                             0        0        2        0       0
                config                             8007     8007        2        0       4
                idloc                              8000     8000        4        0       5
D:\yiming\00work\TY1500_U3_V01.X\out\TY1500\production\default-production.o
                cinit                                22       22       19        8       0
                intentry                              4        4       1B        8       0
                config                             8007     8007        2        0       4
                idloc                              8000     8000        4        0       5
                text49                              4A5      4A5        1        8       0
                text48                              3E9      3E9        C        8       0
                text47                              398      398       10        8       0
                text45                              49F      49F        3        8       0
                text44                              489      489        4        8       0
                text43                              36E      36E       17        8       0
                text42                              44D      44D        7        8       0
                text41                              49C      49C        3        8       0
                text40                              485      485        4        8       0
                text39                              474      474        5        8       0
                text38                              3F5      3F5        B        8       0
                text37                              46F      46F        5        8       0
                text36                              499      499        3        8       0
                text35                              496      496        3        8       0
                text34                              493      493        3        8       0
                text33                              46A      46A        5        8       0
                text32                              43E      43E        8        8       0
                text31                              490      490        3        8       0
                text30                              3D0      3D0        D        8       0
                text29                              3A8      3A8        E        8       0
                text28                              41D      41D        9        8       0
                text27                              40A      40A        A        8       0
                text26                              446      446        7        8       0
                text25                              4A4      4A4        1        8       0
                text24                              414      414        9        8       0
                text23                              400      400        A        8       0
                text22                              1EA      1EA       72        8       0
                text21                              48D      48D        3        8       0
                text20                               3B       3B      1AF        8       0
                text19                              436      436        8        8       0
                text18                              33B      33B       1A        8       0
                text17                              481      481        4        8       0
                text16                              465      465        5        8       0
                text15                              47D      47D        4        8       0
                text14                              460      460        5        8       0
                text13                              25C      25C       3B        8       0
                text12                              42E      42E        8        8       0
                text11                              321      321       1A        8       0
                text10                              2CF      2CF       38        8       0
                text9                               297      297       38        8       0
                text8                               3C3      3C3        D        8       0
                text7                               3DD      3DD        C        8       0
                text6                               355      355       19        8       0
                text5                               3B6      3B6        D        8       0
                text4                               426      426        8        8       0
                text3                               479      479        4        8       0
                text2                               385      385       13        8       0
                text1                               45A      45A        6        8       0
                maintext                            307      307       1A        8       0
                cstackCOMMON                         70       70        7       70       1
                clrtext                             454      454        6        8       0
                bssBANK0                             20       20        F       20       1
                dataCOMMON                           7C       7C        2       70       1
                bssCOMMON                            77       77        5       70       1
                idataCOMMON                         4A2      4A2        2        8       0

TOTAL           Name                               Link     Load   Length     Space
        CLASS   CODE           
                end_init                             1F       1F        3         0
                cinit                                22       22       19         0
                intentry                              4        4       1B         0
                reset_vec                             0        0        2         0
                text49                              4A5      4A5        1         0
                text48                              3E9      3E9        C         0
                text47                              398      398       10         0
                text45                              49F      49F        3         0
                text44                              489      489        4         0
                text43                              36E      36E       17         0
                text42                              44D      44D        7         0
                text41                              49C      49C        3         0
                text40                              485      485        4         0
                text39                              474      474        5         0
                text38                              3F5      3F5        B         0
                text37                              46F      46F        5         0
                text36                              499      499        3         0
                text35                              496      496        3         0
                text34                              493      493        3         0
                text33                              46A      46A        5         0
                text32                              43E      43E        8         0
                text31                              490      490        3         0
                text30                              3D0      3D0        D         0
                text29                              3A8      3A8        E         0
                text28                              41D      41D        9         0
                text27                              40A      40A        A         0
                text26                              446      446        7         0
                text25                              4A4      4A4        1         0
                text24                              414      414        9         0
                text23                              400      400        A         0
                text22                              1EA      1EA       72         0
                text21                              48D      48D        3         0
                text20                               3B       3B      1AF         0
                text19                              436      436        8         0
                text18                              33B      33B       1A         0
                text17                              481      481        4         0
                text16                              465      465        5         0
                text15                              47D      47D        4         0
                text14                              460      460        5         0
                text13                              25C      25C       3B         0
                text12                              42E      42E        8         0
                text11                              321      321       1A         0
                text10                              2CF      2CF       38         0
                text9                               297      297       38         0
                text8                               3C3      3C3        D         0
                text7                               3DD      3DD        C         0
                text6                               355      355       19         0
                text5                               3B6      3B6        D         0
                text4                               426      426        8         0
                text3                               479      479        4         0
                text2                               385      385       13         0
                text1                               45A      45A        6         0
                maintext                            307      307       1A         0
                clrtext                             454      454        6         0
                idataCOMMON                         4A2      4A2        2         0

        CLASS   STRCODE        

        CLASS   STRING         

        CLASS   CONST          

        CLASS   ENTRY          

        CLASS   COMMON         
                cstackCOMMON                         70       70        7         1
                dataCOMMON                           7C       7C        2         1
                bssCOMMON                            77       77        5         1

        CLASS   BANK0          
                bssBANK0                             20       20        F         1

        CLASS   BANK1          

        CLASS   BANK2          

        CLASS   BANK3          

        CLASS   BANK4          

        CLASS   BANK5          

        CLASS   BANK6          

        CLASS   BIGRAM         

        CLASS   RAM            

        CLASS   ABS1           
                abs_s1                               7E       7E        2         1

        CLASS   SFR0           

        CLASS   SFR1           

        CLASS   SFR2           

        CLASS   SFR3           

        CLASS   SFR4           

        CLASS   SFR5           

        CLASS   SFR6           

        CLASS   SFR7           

        CLASS   SFR8           

        CLASS   SFR9           

        CLASS   SFR10          

        CLASS   SFR11          

        CLASS   SFR12          

        CLASS   SFR13          

        CLASS   SFR14          

        CLASS   SFR15          

        CLASS   SFR16          

        CLASS   SFR17          

        CLASS   SFR18          

        CLASS   SFR19          

        CLASS   SFR20          

        CLASS   SFR21          

        CLASS   SFR22          

        CLASS   SFR23          

        CLASS   SFR24          

        CLASS   SFR25          

        CLASS   SFR26          

        CLASS   SFR27          

        CLASS   SFR28          

        CLASS   SFR29          

        CLASS   SFR30          

        CLASS   SFR31          

        CLASS   CONFIG         
                config                             8007     8007        2         4

        CLASS   IDLOC          
                idloc                              8000     8000        4         5

        CLASS   EEDATA         

        CLASS   BANK31         

        CLASS   BANK30         

        CLASS   BANK29         

        CLASS   BANK28         

        CLASS   BANK27         

        CLASS   BANK26         

        CLASS   BANK25         

        CLASS   BANK24         

        CLASS   BANK23         

        CLASS   BANK22         

        CLASS   BANK21         

        CLASS   BANK20         

        CLASS   BANK19         

        CLASS   BANK18         

        CLASS   BANK17         

        CLASS   BANK16         

        CLASS   BANK15         

        CLASS   BANK14         

        CLASS   BANK13         

        CLASS   BANK12         

        CLASS   BANK11         

        CLASS   BANK10         

        CLASS   BANK9          

        CLASS   BANK8          

        CLASS   BANK7          

        CLASS   HEAP           

        CLASS   STACK          



SEGMENTS        Name                           Load    Length   Top    Selector   Space  Class     Delta

                reset_vec                      000000  000002  000002         0       0  CODE        2
                intentry                       000004  0004A2  0004A6         8       0  CODE        2
                bssBANK0                       000020  00000F  00002F        20       1  BANK0       1
                cstackCOMMON                   000070  00000E  00007E        70       1  COMMON      1


UNUSED ADDRESS RANGES

        Name                Unused          Largest block    Delta
        BANK0            0002F-0006F              41           1
        BANK1            000A0-000EF              50           1
        BANK2            00120-0016F              50           1
        BANK3            001A0-001EF              50           1
        BANK4            00220-0026F              50           1
        BANK5            002A0-002EF              50           1
        BANK6            00320-0032F              10           1
        BIGRAM           02000-021EF             1F0           1
        CODE             00002-00003               2           2
                         004A6-01FFF             800
        CONST            00002-00003               2           2
                         004A6-01FFF             100
        EEDATA           0F000-0F0FF             100           2
        ENTRY            00002-00003               2           2
                         004A6-01FFF             100
        RAM              0002F-0006F              41           1
                         000A0-000EF              50
                         00120-0016F              50
                         001A0-001EF              50
                         00220-0026F              50
                         002A0-002EF              50
                         00320-0032F              10
        SFR0             00000-0001F              20           1
        SFR1             00080-0009F              20           1
        SFR10            00500-0056F              70           1
        SFR11            00580-005EF              70           1
        SFR12            00600-0066F              70           1
        SFR13            00680-006EF              70           1
        SFR14            00700-0076F              70           1
        SFR15            00780-007EF              70           1
        SFR16            00800-0086F              70           1
        SFR17            00880-008EF              70           1
        SFR18            00900-0096F              70           1
        SFR19            00980-009EF              70           1
        SFR2             00100-0011F              20           1
        SFR20            00A00-00A6F              70           1
        SFR21            00A80-00AEF              70           1
        SFR22            00B00-00B6F              70           1
        SFR23            00B80-00BEF              70           1
        SFR24            00C00-00C6F              70           1
        SFR25            00C80-00CEF              70           1
        SFR26            00D00-00D6F              70           1
        SFR27            00D80-00DEF              70           1
        SFR28            00E00-00E6F              70           1
        SFR29            00E80-00EEF              70           1
        SFR3             00180-0019F              20           1
        SFR30            00F00-00F6F              70           1
        SFR31            00F80-00FEF              70           1
        SFR4             00200-0021F              20           1
        SFR5             00280-0029F              20           1
        SFR6             00300-0031F              20           1
        SFR7             00380-003EF              70           1
        SFR8             00400-0046F              70           1
        SFR9             00480-004EF              70           1
        STRCODE          00002-00003               2           2
                         004A6-01FFF            1B5A
        STRING           00002-00003               2           2
                         004A6-01FFF             100

                                  Symbol Table

_TurnSignals                                                
__H__absolute__                           __absolute__ 00000
__Habs1                                   abs1         00000
__Hbank0                                  bank0        00000
__Hbank1                                  bank1        00000
__Hbank10                                 bank10       00000
__Hbank11                                 bank11       00000
__Hbank12                                 bank12       00000
__Hbank13                                 bank13       00000
__Hbank14                                 bank14       00000
__Hbank15                                 bank15       00000
__Hbank16                                 bank16       00000
__Hbank17                                 bank17       00000
__Hbank18                                 bank18       00000
__Hbank19                                 bank19       00000
__Hbank2                                  bank2        00000
__Hbank20                                 bank20       00000
__Hbank21                                 bank21       00000
__Hbank22                                 bank22       00000
__Hbank23                                 bank23       00000
__Hbank24                                 bank24       00000
__Hbank25                                 bank25       00000
__Hbank26                                 bank26       00000
__Hbank27                                 bank27       00000
__Hbank28                                 bank28       00000
__Hbank29                                 bank29       00000
__Hbank3                                  bank3        00000
__Hbank30                                 bank30       00000
__Hbank31                                 bank31       00000
__Hbank4                                  bank4        00000
__Hbank5                                  bank5        00000
__Hbank6                                  bank6        00000
__Hbank7                                  bank7        00000
__Hbank8                                  bank8        00000
__Hbank9                                  bank9        00000
__Hbigram                                 bigram       00000
__HbssBANK0                               bssBANK0     00000
__HbssCOMMON                              bssCOMMON    00000
__Hclrtext                                clrtext      00000
__Hcode                                   code         00000
__Hcommon                                 common       00000
__HcstackCOMMON                           cstackCOMMON 00000
__HdataCOMMON                             dataCOMMON   00000
__Heeprom_data                            eeprom_data  00000
__Hfunctab                                functab      00000
__Hheap                                   heap         00000
__HidataCOMMON                            idataCOMMON  00000
__Hmaintext                               maintext     00000
__Hpowerup                                powerup      00000
__Hram                                    ram          00000
__Hsfr0                                   sfr0         00000
__Hsfr1                                   sfr1         00000
__Hsfr10                                  sfr10        00000
__Hsfr11                                  sfr11        00000
__Hsfr12                                  sfr12        00000
__Hsfr13                                  sfr13        00000
__Hsfr14                                  sfr14        00000
__Hsfr15                                  sfr15        00000
__Hsfr16                                  sfr16        00000
__Hsfr17                                  sfr17        00000
__Hsfr18                                  sfr18        00000
__Hsfr19                                  sfr19        00000
__Hsfr2                                   sfr2         00000
__Hsfr20                                  sfr20        00000
__Hsfr21                                  sfr21        00000
__Hsfr22                                  sfr22        00000
__Hsfr23                                  sfr23        00000
__Hsfr24                                  sfr24        00000
__Hsfr25                                  sfr25        00000
__Hsfr26                                  sfr26        00000
__Hsfr27                                  sfr27        00000
__Hsfr28                                  sfr28        00000
__Hsfr29                                  sfr29        00000
__Hsfr3                                   sfr3         00000
__Hsfr30                                  sfr30        00000
__Hsfr31                                  sfr31        00000
__Hsfr4                                   sfr4         00000
__Hsfr5                                   sfr5         00000
__Hsfr6                                   sfr6         00000
__Hsfr7                                   sfr7         00000
__Hsfr8                                   sfr8         00000
__Hsfr9                                   sfr9         00000
__Hspace_2                                (abs)        00000
__Hspace_3                                (abs)        00000
__Hstack                                  stack        00000
__Hstrings                                strings      00000
__Htext                                   text         00000
__L__absolute__                           __absolute__ 00000
__Labs1                                   abs1         00000
__Lbank0                                  bank0        00000
__Lbank1                                  bank1        00000
__Lbank10                                 bank10       00000
__Lbank11                                 bank11       00000
__Lbank12                                 bank12       00000
__Lbank13                                 bank13       00000
__Lbank14                                 bank14       00000
__Lbank15                                 bank15       00000
__Lbank16                                 bank16       00000
__Lbank17                                 bank17       00000
__Lbank18                                 bank18       00000
__Lbank19                                 bank19       00000
__Lbank2                                  bank2        00000
__Lbank20                                 bank20       00000
__Lbank21                                 bank21       00000
__Lbank22                                 bank22       00000
__Lbank23                                 bank23       00000
__Lbank24                                 bank24       00000
__Lbank25                                 bank25       00000
__Lbank26                                 bank26       00000
__Lbank27                                 bank27       00000
__Lbank28                                 bank28       00000
__Lbank29                                 bank29       00000
__Lbank3                                  bank3        00000
__Lbank30                                 bank30       00000
__Lbank31                                 bank31       00000
__Lbank4                                  bank4        00000
__Lbank5                                  bank5        00000
__Lbank6                                  bank6        00000
__Lbank7                                  bank7        00000
__Lbank8                                  bank8        00000
__Lbank9                                  bank9        00000
__Lbigram                                 bigram       00000
__LbssBANK0                               bssBANK0     00000
__LbssCOMMON                              bssCOMMON    00000
__Lclrtext                                clrtext      00000
__Lcode                                   code         00000
__Lcommon                                 common       00000
__Lconfig                                 config       00000
__LcstackCOMMON                           cstackCOMMON 00000
__LdataCOMMON                             dataCOMMON   00000
__Leeprom_data                            eeprom_data  00000
__Lfunctab                                functab      00000
__Lheap                                   heap         00000
__LidataCOMMON                            idataCOMMON  00000
__Lidloc                                  idloc        00000
__Lmaintext                               maintext     00000
__Lpowerup                                powerup      00000
__Lram                                    ram          00000
__Lreset_vec                              reset_vec    00000
__Lsfr0                                   sfr0         00000
__Lsfr1                                   sfr1         00000
__Lsfr10                                  sfr10        00000
__Lsfr11                                  sfr11        00000
__Lsfr12                                  sfr12        00000
__Lsfr13                                  sfr13        00000
__Lsfr14                                  sfr14        00000
__Lsfr15                                  sfr15        00000
__Lsfr16                                  sfr16        00000
__Lsfr17                                  sfr17        00000
__Lsfr18                                  sfr18        00000
__Lsfr19                                  sfr19        00000
__Lsfr2                                   sfr2         00000
__Lsfr20                                  sfr20        00000
__Lsfr21                                  sfr21        00000
__Lsfr22                                  sfr22        00000
__Lsfr23                                  sfr23        00000
__Lsfr24                                  sfr24        00000
__Lsfr25                                  sfr25        00000
__Lsfr26                                  sfr26        00000
__Lsfr27                                  sfr27        00000
__Lsfr28                                  sfr28        00000
__Lsfr29                                  sfr29        00000
__Lsfr3                                   sfr3         00000
__Lsfr30                                  sfr30        00000
__Lsfr31                                  sfr31        00000
__Lsfr4                                   sfr4         00000
__Lsfr5                                   sfr5         00000
__Lsfr6                                   sfr6         00000
__Lsfr7                                   sfr7         00000
__Lsfr8                                   sfr8         00000
__Lsfr9                                   sfr9         00000
__Lspace_0                                (abs)        00000
__Lspace_1                                (abs)        00000
__Lspace_2                                (abs)        00000
__Lspace_3                                (abs)        00000
__Lspace_4                                (abs)        00000
__Lstack                                  stack        00000
__Lstrings                                strings      00000
__Ltext                                   text         00000
__S3                                      (abs)        00000
___heap_hi                                (abs)        00000
___heap_lo                                (abs)        00000
___int_sp                                 stack        00000
___int_stack_hi                           stack        00000
___int_stack_lo                           stack        00000
___sp                                     stack        00000
___stack_hi                               stack        00000
___stack_lo                               stack        00000
___stackhi                                (abs)        00000
___stacklo                                (abs)        00000
intlevel0                                 functab      00000
intlevel1                                 functab      00000
intlevel2                                 functab      00000
intlevel3                                 functab      00000
intlevel4                                 functab      00000
intlevel5                                 functab      00000
reset_vec                                 reset_vec    00000
___latbits                                (abs)        00002
__Hreset_vec                              reset_vec    00002
_INTERRUPT_InterruptManager               intentry     00004
__Lintentry                               intentry     00004
__pintentry                               intentry     00004
_INTCONbits                               (abs)        0000B
_PORTBbits                                (abs)        0000D
_PORTCbits                                (abs)        0000E
_PIR1bits                                 (abs)        00011
_TMR0                                     (abs)        00015
_TMR2                                     (abs)        0001A
_PR2                                      (abs)        0001B
_T2CON                                    (abs)        0001C
_T2CONbits                                (abs)        0001C
_TMR0_InterruptHandler                    bssBANK0     00020
__pbssBANK0                               bssBANK0     00020
_TurnOff_cnt                              bssBANK0     00024
_TurnON_cnt                               bssBANK0     00026
_T1MS_WELCOME_cnt                         bssBANK0     00028
CheckWelcomeLight@eWelcome_step           bssBANK0     0002A
CheckTurnSignal@eTurn_step                bssBANK0     0002B
_fTurnLightOff600ms                       bssBANK0     0002C
_TRB                                      bssBANK0     0002D
_fT1MS                                    bssBANK0     0002E
__Hinit                                   init         0001F
__Hintentry                               intentry     0001F
__Hsivt                                   sivt         0001F
__Lend_init                               end_init     0001F
__Linit                                   init         0001F
__Lsivt                                   sivt         0001F
__end_of_INTERRUPT_InterruptManager       intentry     0001F
start                                     init         0001F
__Hend_init                               end_init     00022
__Lcinit                                  cinit        00022
__initialization                          cinit        00022
start_initialization                      cinit        00022
__end_of__initialization                  cinit        00037
end_of_initialization                     cinit        00037
Debounce_IO@temp                          cstackCOMMON 00070
EPWM1_LoadDutyValue@dutyValue             cstackCOMMON 00070
TMR0_SetInterruptHandler@InterruptHandler cstackCOMMON 00070
TMR0_WriteTimer@timerVal                  cstackCOMMON 00070
TMR2_HasOverflowOccured@status            cstackCOMMON 00070
TMR2_LoadPeriodRegister@periodVal         cstackCOMMON 00070
TMR2_WriteTimer@timerVal                  cstackCOMMON 00070
YLED1_to_8@x                              cstackCOMMON 00070
YLED9_to_10@x                             cstackCOMMON 00070
__pcstackCOMMON                           cstackCOMMON 00070
CheckWelcomeLight@i                       cstackCOMMON 00076
_CheckWelcomeLight                        text20       0003B
__Hcinit                                  cinit        0003B
__ptext20                                 text20       0003B
_T1MS_cnt                                 bssCOMMON    00077
__pbssCOMMON                              bssCOMMON    00077
_timer0ReloadVal                          bssCOMMON    00079
_fWelcomeLight                            bssCOMMON    0007A
_ORB                                      bssCOMMON    0007B
_TdelayMS                                 dataCOMMON   0007C
__pdataCOMMON                             dataCOMMON   0007C
__Hspace_1                                (abs)        0007E
__S1                                      (abs)        0007E
btemp                                     (abs)        0007E
int$flags                                 (abs)        0007E
wtemp0                                    (abs)        0007E
_TRISA                                    (abs)        0008C
_TRISB                                    (abs)        0008D
_TRISC                                    (abs)        0008E
_TRISE                                    (abs)        00090
_OPTION_REG                               (abs)        00095
_OPTION_REGbits                           (abs)        00095
_WDTCON                                   (abs)        00097
_OSCTUNE                                  (abs)        00098
_OSCCON                                   (abs)        00099
_LATA                                     (abs)        0010C
_LATAbits                                 (abs)        0010C
_LATB                                     (abs)        0010D
_LATC                                     (abs)        0010E
_LATCbits                                 (abs)        0010E
_LATE                                     (abs)        00110
_BORCON                                   (abs)        00116
_APFCON                                   (abs)        0011D
_ANSELA                                   (abs)        0018C
_ANSELB                                   (abs)        0018D
_WPUB                                     (abs)        0020D
_WPUE                                     (abs)        00210
_CCPR1L                                   (abs)        00291
_CCPR1H                                   (abs)        00292
_CCP1CON                                  (abs)        00293
_PWM1CON                                  (abs)        00294
_ECCP1AS                                  (abs)        00295
_PSTR1CON                                 (abs)        00296
_CCPTMRS0bits                             (abs)        0029E
_CheckTurnSignal                          text22       001EA
__end_of_CheckWelcomeLight                text20       001EA
__ptext22                                 text22       001EA
__Hspace_0                                (abs)        004A6
__S0                                      (abs)        004A6
_Debounce_IO                              text13       0025C
__end_of_CheckTurnSignal                  text22       0025C
__ptext13                                 text13       0025C
_PLLR                                     (abs)        004D6
_LED_main                                 text9        00297
__end_of_Debounce_IO                      text13       00297
__ptext9                                  text9        00297
_TurnSignal_stauts                        text10       002CF
__end_of_LED_main                         text9        002CF
__ptext10                                 text10       002CF
__end_of_TurnSignal_stauts                text10       00307
__pmaintext                               maintext     00307
_main                                     maintext     00307
_POS_ON                                   text11       00321
__end_of_main                             maintext     00321
__ptext11                                 text11       00321
_DRL_ON                                   text18       0033B
__end_of_POS_ON                           text11       0033B
__ptext18                                 text18       0033B
_PIN_MANAGER_Initialize                   text6        00355
__end_of_DRL_ON                           text18       00355
__ptext6                                  text6        00355
_EPWM1_LoadDutyValue                      text43       0036E
__end_of_PIN_MANAGER_Initialize           text6        0036E
__ptext43                                 text43       0036E
_SYSTEM_Initialize                        text2        00385
__end_of_EPWM1_LoadDutyValue              text43       00385
__ptext2                                  text2        00385
_TMR0_ISR                                 text47       00398
__end_of_SYSTEM_Initialize                text2        00398
__ptext47                                 text47       00398
_YLED9_to_10                              text29       003A8
__end_of_TMR0_ISR                         text47       003A8
__ptext29                                 text29       003A8
_TMR0_Initialize                          text5        003B6
__end_of_YLED9_to_10                      text29       003B6
__ptext5                                  text5        003B6
_EPWM1_Initialize                         text8        003C3
__end_of_TMR0_Initialize                  text5        003C3
__ptext8                                  text8        003C3
_YLED1_to_8                               text30       003D0
__end_of_EPWM1_Initialize                 text8        003D0
__ptext30                                 text30       003D0
_OSCILLATOR_Initialize                    text7        003DD
__end_of_YLED1_to_8                       text30       003DD
__ptext7                                  text7        003DD
_TMR0_10MS_Even                           text48       003E9
__end_of_OSCILLATOR_Initialize            text7        003E9
__ptext48                                 text48       003E9
_TMR2_HasOverflowOccured                  text38       003F5
__end_of_TMR0_10MS_Even                   text48       003F5
__ptext38                                 text38       003F5
_ALL_LED_OFF                              text23       00400
__end_of_TMR2_HasOverflowOccured          text38       00400
__ptext23                                 text23       00400
_TURN_LIGHT_ON                            text27       0040A
__end_of_ALL_LED_OFF                      text23       0040A
__ptext27                                 text27       0040A
_YLED_ALL_OFF                             text24       00414
__end_of_TURN_LIGHT_ON                    text27       00414
__ptext24                                 text24       00414
_YLED_ALL_ON                              text28       0041D
__end_of_YLED_ALL_OFF                     text24       0041D
__ptext28                                 text28       0041D
_TMR2_Initialize                          text4        00426
__end_of_YLED_ALL_ON                      text28       00426
__ptext4                                  text4        00426
_PWM_POS                                  text12       0042E
__end_of_TMR2_Initialize                  text4        0042E
__ptext12                                 text12       0042E
_PWM_DRL                                  text19       00436
__end_of_PWM_POS                          text12       00436
__ptext19                                 text19       00436
_PWM_TURN_LIGHT                           text32       0043E
__end_of_PWM_DRL                          text19       0043E
__ptext32                                 text32       0043E
_TURN_LIGHT_STREAM                        text26       00446
__end_of_PWM_TURN_LIGHT                   text32       00446
__ptext26                                 text26       00446
_PWM_ALL_OFF                              text42       0044D
__end_of_TURN_LIGHT_STREAM                text26       0044D
__ptext42                                 text42       0044D
__end_of_PWM_ALL_OFF                      text42       00454
clear_ram0                                clrtext      00454
_TMR0_SetInterruptHandler                 text1        0045A
__ptext1                                  text1        0045A
_IsWhite                                  text14       00460
__end_of_TMR0_SetInterruptHandler         text1        00460
__ptext14                                 text14       00460
_IsPOS                                    text16       00465
__end_of_IsWhite                          text14       00465
__ptext16                                 text16       00465
_TMR2_WriteTimer                          text33       0046A
__end_of_IsPOS                            text16       0046A
__ptext33                                 text33       0046A
_TMR2_LoadPeriodRegister                  text37       0046F
__end_of_TMR2_WriteTimer                  text33       0046F
__ptext37                                 text37       0046F
_TMR0_WriteTimer                          text39       00474
__end_of_TMR2_LoadPeriodRegister          text37       00474
__ptext39                                 text39       00474
_WDT_Initialize                           text3        00479
__end_of_TMR0_WriteTimer                  text39       00479
__ptext3                                  text3        00479
_IsTurnSignal                             text15       0047D
__end_of_WDT_Initialize                   text3        0047D
__ptext15                                 text15       0047D
_IsDRL                                    text17       00481
__end_of_IsTurnSignal                     text15       00481
__ptext17                                 text17       00481
_TMR0_Reload                              text40       00485
__end_of_IsDRL                            text17       00485
__ptext40                                 text40       00485
_IsTest                                   text44       00489
__end_of_TMR0_Reload                      text40       00489
__ptext44                                 text44       00489
_WLED_ALL_ON                              text21       0048D
__end_of_IsTest                           text44       0048D
__ptext21                                 text21       0048D
_WLED_ALL_OFF                             text31       00490
__end_of_WLED_ALL_ON                      text21       00490
__ptext31                                 text31       00490
_TMR2_StopTimer                           text34       00493
__end_of_WLED_ALL_OFF                     text31       00493
__ptext34                                 text34       00493
_TMR2_StartTimer                          text35       00496
__end_of_TMR2_StopTimer                   text34       00496
__ptext35                                 text35       00496
_TMR2_ReadTimer                           text36       00499
__end_of_TMR2_StartTimer                  text35       00499
__ptext36                                 text36       00499
_TMR0_ReadTimer                           text41       0049C
__end_of_TMR2_ReadTimer                   text36       0049C
__ptext41                                 text41       0049C
_IsP2                                     text45       0049F
__end_of_TMR0_ReadTimer                   text41       0049F
__ptext45                                 text45       0049F
__end_of_IsP2                             text45       004A2
__pidataCOMMON                            idataCOMMON  004A2
_Clear_No_Call_Warning                    text25       004A4
__ptext25                                 text25       004A4
_PIN_MANAGER_IOC                          text49       004A5
__end_of_Clear_No_Call_Warning            text25       004A5
__ptext49                                 text49       004A5
__end_of_PIN_MANAGER_IOC                  text49       004A6
__Hidloc                                  idloc        08004
__Hspace_4                                (abs)        10010
__Hconfig                                 config       08009
