Microchip MPLAB XC8 Compiler V3.00

Linker command line:

-W-3 --edf=c:\PROGRA~1\MICROC~1\xc8\v3.00\pic\dat\20241204225717_en.msgs \
  -cn -h+D:\yiming\00work\TY1500_U3_V06.X\out\TY1500\default.sym \
  --cmf=D:\yiming\00work\TY1500_U3_V06.X\out\TY1500\default.cmf -z \
  -Q16F1936 -oC:\Users\t00904\AppData\Local\Temp\xcAs5qc.\driver_tmp_3.o \
  --defsym=__MPLAB_BUILD=1 --fixupoverflow=error -Mmem.map \
  --md=C:\Users\t00904\AppData\Local\Temp\xcAs5qc.\driver_tmp_0.dat -E1 \
  -ver=XC8 Compiler -ACODE=00h-07FFhx4 -ASTRCODE=00h-01FFFh \
  -ASTRING=00h-0FFhx32 -ACONST=00h-0FFhx32 -AENTRY=00h-0FFhx32 \
  -ACOMMON=070h-07Fh -ABANK0=020h-06Fh -ABANK1=0A0h-0EFh \
  -ABANK2=0120h-016Fh -ABANK3=01A0h-01EFh -ABANK4=0220h-026Fh \
  -ABANK5=02A0h-02EFh -ABANK6=0320h-032Fh -ABIGRAM=02000h-021EFh \
  -ARAM=020h-06Fh,0A0h-0EFh,0120h-016Fh,01A0h-01EFh,0220h-026Fh,02A0h-02EFh,0320h-032Fh \
  -AABS1=020h-07Fh,0A0h-0EFh,0120h-016Fh,01A0h-01EFh,0220h-026Fh,02A0h-02EFh,0320h-032Fh \
  -ASFR0=00h-01Fh -ASFR1=080h-09Fh -ASFR2=0100h-011Fh -ASFR3=0180h-019Fh \
  -ASFR4=0200h-021Fh -ASFR5=0280h-029Fh -ASFR6=0300h-031Fh \
  -ASFR7=0380h-03EFh -ASFR8=0400h-046Fh -ASFR9=0480h-04EFh \
  -ASFR10=0500h-056Fh -ASFR11=0580h-05EFh -ASFR12=0600h-066Fh \
  -ASFR13=0680h-06EFh -ASFR14=0700h-076Fh -ASFR15=0780h-07EFh \
  -ASFR16=0800h-086Fh -ASFR17=0880h-08EFh -ASFR18=0900h-096Fh \
  -ASFR19=0980h-09EFh -ASFR20=0A00h-0A6Fh -ASFR21=0A80h-0AEFh \
  -ASFR22=0B00h-0B6Fh -ASFR23=0B80h-0BEFh -ASFR24=0C00h-0C6Fh \
  -ASFR25=0C80h-0CEFh -ASFR26=0D00h-0D6Fh -ASFR27=0D80h-0DEFh \
  -ASFR28=0E00h-0E6Fh -ASFR29=0E80h-0EEFh -ASFR30=0F00h-0F6Fh \
  -ASFR31=0F80h-0FEFh -ACONFIG=08007h-08008h -DCONFIG=2 \
  -AIDLOC=08000h-08003h -DIDLOC=2 -AEEDATA=00h-0FFh/0F000h \
  -peeprom_data=EEDATA -DEEDATA=2 -DCODE=2 -DSTRCODE=2 -DSTRING=2 -DCONST=2 \
  -DENTRY=2 -preset_vec=00h,intentry=04h,sivt,init,end_init -ppowerup=CODE \
  -pcinit=CODE -pfunctab=ENTRY -k \
  C:\Users\t00904\AppData\Local\Temp\xcAs5qc.\driver_tmp_15.o \
  D:\yiming\00work\TY1500_U3_V06.X\out\TY1500\default.o 

Object code version is 3.11

Machine type is 16F1936



                Name                               Link     Load   Length Selector   Space Scale
C:\Users\t00904\AppData\Local\Temp\xcAs5qc.\driver_tmp_15.o
                end_init                             13       13        2        8       0
                reset_vec                             0        0        2        0       0
                config                             8007     8007        2        0       4
                idloc                              8000     8000        4        0       5
D:\yiming\00work\TY1500_U3_V06.X\out\TY1500\default.o
                cinit                                15       15       1C        8       0
                intentry                              4        4        F        8       0
                config                             8007     8007        2        0       4
                idloc                              8000     8000        4        0       5
                text60                              478      478        E        8       0
                text59                              468      468       10        8       0
                text57                              41E      41E       17        8       0
                text56                              4E5      4E5        8        8       0
                text55                              54C      54C        3        8       0
                text54                              549      549        3        8       0
                text53                              51E      51E        5        8       0
                text52                              4FA      4FA        6        8       0
                text51                              3EC      3EC       1A        8       0
                text50                              4DD      4DD        8        8       0
                text49                              3D2      3D2       1A        8       0
                text48                              546      546        3        8       0
                text47                              543      543        3        8       0
                text46                              4AC      4AC        C        8       0
                text45                              458      458       10        8       0
                text44                              4D5      4D5        8        8       0
                text43                              4C3      4C3        A        8       0
                text42                              39D      39D       1B        8       0
                text41                              448      448       10        8       0
                text40                              2F6      2F6       2C        8       0
                text39                              376      376       27        8       0
                text38                              29D      29D       2D        8       0
                text37                              2CA      2CA       2C        8       0
                text36                              270      270       2D        8       0
                text35                              34C      34C       2A        8       0
                text34                              240      240       30        8       0
                text33                              322      322       2A        8       0
                text32                              210      210       30        8       0
                text31                              1E0      1E0       30        8       0
                text30                               31       31       C7        8       0
                text29                              533      533        4        8       0
                text28                              519      519        5        8       0
                text27                              514      514        5        8       0
                text26                              52F      52F        4        8       0
                text25                              52B      52B        4        8       0
                text24                              50F      50F        5        8       0
                text23                              164      164       43        8       0
                text22                               F8       F8       6C        8       0
                text21                              1A7      1A7       39        8       0
                text20                              493      493        D        8       0
                text19                              4A0      4A0        C        8       0
                text18                              406      406       18        8       0
                text17                              486      486        D        8       0
                text16                              4CD      4CD        8        8       0
                text15                              527      527        4        8       0
                text14                              435      435       13        8       0
                text13                              4F4      4F4        6        8       0
                text12                              56B      56B        1      AD4       0
                text11                              4ED      4ED        7        8       0
                text10                              540      540        3        8       0
                text9                               523      523        4        8       0
                text8                               50A      50A        5        8       0
                text7                               4B8      4B8        B        8       0
                text6                               505      505        5        8       0
                text5                               53D      53D        3        8       0
                text4                               53A      53A        3        8       0
                text3                               537      537        3        8       0
                text2                               500      500        5        8       0
                text1                               56A      56A        1      AD4       0
                maintext                            3B8      3B8       1A        8       0
                cstackCOMMON                         78       78        6       70       1
                dataBANK0                            28       28        2       20       1
                bssBANK0                             20       20        8       20       1
                bssCOMMON                            70       70        8       70       1
                stringtext19                        569      569        1      AA2       0
                stringtext18                        568      568        1      AA2       0
                stringtext17                        567      567        1      AA2       0
                stringtext16                        566      566        1      AA2       0
                stringtext15                        565      565        1      AA2       0
                stringtext14                        564      564        1      AA2       0
                stringtext13                        563      563        1      AA2       0
                stringtext12                        562      562        1      AA2       0
                stringtext11                        561      561        1      AA2       0
                stringtext10                        560      560        1      AA2       0
                stringtext9                         55F      55F        1      AA2       0
                stringtext8                         55E      55E        1      AA2       0
                stringtext7                         55D      55D        1      AA2       0
                stringtext6                         55B      55B        2      AA2       0
                stringtext5                         559      559        2      AA2       0
                stringtext4                         557      557        2      AA2       0
                stringtext3                         555      555        2      AA2       0
                stringtext2                         553      553        2      AA2       0
                stringtext1                         551      551        2      AA2       0
                idataBANK0                          54F      54F        2        8       0

TOTAL           Name                               Link     Load   Length     Space
        CLASS   CODE           
                end_init                             13       13        2         0
                cinit                                15       15       1C         0
                intentry                              4        4        F         0
                reset_vec                             0        0        2         0
                text60                              478      478        E         0
                text59                              468      468       10         0
                text57                              41E      41E       17         0
                text56                              4E5      4E5        8         0
                text55                              54C      54C        3         0
                text54                              549      549        3         0
                text53                              51E      51E        5         0
                text52                              4FA      4FA        6         0
                text51                              3EC      3EC       1A         0
                text50                              4DD      4DD        8         0
                text49                              3D2      3D2       1A         0
                text48                              546      546        3         0
                text47                              543      543        3         0
                text46                              4AC      4AC        C         0
                text45                              458      458       10         0
                text44                              4D5      4D5        8         0
                text43                              4C3      4C3        A         0
                text42                              39D      39D       1B         0
                text41                              448      448       10         0
                text40                              2F6      2F6       2C         0
                text39                              376      376       27         0
                text38                              29D      29D       2D         0
                text37                              2CA      2CA       2C         0
                text36                              270      270       2D         0
                text35                              34C      34C       2A         0
                text34                              240      240       30         0
                text33                              322      322       2A         0
                text32                              210      210       30         0
                text31                              1E0      1E0       30         0
                text30                               31       31       C7         0
                text29                              533      533        4         0
                text28                              519      519        5         0
                text27                              514      514        5         0
                text26                              52F      52F        4         0
                text25                              52B      52B        4         0
                text24                              50F      50F        5         0
                text23                              164      164       43         0
                text22                               F8       F8       6C         0
                text21                              1A7      1A7       39         0
                text20                              493      493        D         0
                text19                              4A0      4A0        C         0
                text18                              406      406       18         0
                text17                              486      486        D         0
                text16                              4CD      4CD        8         0
                text15                              527      527        4         0
                text14                              435      435       13         0
                text13                              4F4      4F4        6         0
                text12                              56B      56B        1         0
                text11                              4ED      4ED        7         0
                text10                              540      540        3         0
                text9                               523      523        4         0
                text8                               50A      50A        5         0
                text7                               4B8      4B8        B         0
                text6                               505      505        5         0
                text5                               53D      53D        3         0
                text4                               53A      53A        3         0
                text3                               537      537        3         0
                text2                               500      500        5         0
                text1                               56A      56A        1         0
                maintext                            3B8      3B8       1A         0
                idataBANK0                          54F      54F        2         0

        CLASS   STRCODE        
                stringtext19                        569      569        1         0
                stringtext18                        568      568        1         0
                stringtext17                        567      567        1         0
                stringtext16                        566      566        1         0
                stringtext15                        565      565        1         0
                stringtext14                        564      564        1         0
                stringtext13                        563      563        1         0
                stringtext12                        562      562        1         0
                stringtext11                        561      561        1         0
                stringtext10                        560      560        1         0
                stringtext9                         55F      55F        1         0
                stringtext8                         55E      55E        1         0
                stringtext7                         55D      55D        1         0
                stringtext6                         55B      55B        2         0
                stringtext5                         559      559        2         0
                stringtext4                         557      557        2         0
                stringtext3                         555      555        2         0
                stringtext2                         553      553        2         0
                stringtext1                         551      551        2         0

        CLASS   STRING         

        CLASS   CONST          

        CLASS   ENTRY          

        CLASS   COMMON         
                cstackCOMMON                         78       78        6         1
                bssCOMMON                            70       70        8         1

        CLASS   BANK0          
                dataBANK0                            28       28        2         1
                bssBANK0                             20       20        8         1

        CLASS   BANK1          

        CLASS   BANK2          

        CLASS   BANK3          

        CLASS   BANK4          

        CLASS   BANK5          

        CLASS   BANK6          

        CLASS   BIGRAM         

        CLASS   RAM            

        CLASS   ABS1           
                abs_s1                               7E       7E        2         1

        CLASS   SFR0           

        CLASS   SFR1           

        CLASS   SFR2           

        CLASS   SFR3           

        CLASS   SFR4           

        CLASS   SFR5           

        CLASS   SFR6           

        CLASS   SFR7           

        CLASS   SFR8           

        CLASS   SFR9           

        CLASS   SFR10          

        CLASS   SFR11          

        CLASS   SFR12          

        CLASS   SFR13          

        CLASS   SFR14          

        CLASS   SFR15          

        CLASS   SFR16          

        CLASS   SFR17          

        CLASS   SFR18          

        CLASS   SFR19          

        CLASS   SFR20          

        CLASS   SFR21          

        CLASS   SFR22          

        CLASS   SFR23          

        CLASS   SFR24          

        CLASS   SFR25          

        CLASS   SFR26          

        CLASS   SFR27          

        CLASS   SFR28          

        CLASS   SFR29          

        CLASS   SFR30          

        CLASS   SFR31          

        CLASS   CONFIG         
                config                             8007     8007        2         4

        CLASS   IDLOC          
                idloc                              8000     8000        4         5

        CLASS   EEDATA         

        CLASS   BANK31         

        CLASS   BANK30         

        CLASS   BANK29         

        CLASS   BANK28         

        CLASS   BANK27         

        CLASS   BANK26         

        CLASS   BANK25         

        CLASS   BANK24         

        CLASS   BANK23         

        CLASS   BANK22         

        CLASS   BANK21         

        CLASS   BANK20         

        CLASS   BANK19         

        CLASS   BANK18         

        CLASS   BANK17         

        CLASS   BANK16         

        CLASS   BANK15         

        CLASS   BANK14         

        CLASS   BANK13         

        CLASS   BANK12         

        CLASS   BANK11         

        CLASS   BANK10         

        CLASS   BANK9          

        CLASS   BANK8          

        CLASS   BANK7          

        CLASS   HEAP           

        CLASS   STACK          



SEGMENTS        Name                           Load    Length   Top    Selector   Space  Class     Delta

                reset_vec                      000000  000002  000002         0       0  CODE        2
                intentry                       000004  00054D  000551         8       0  CODE        2
                bssBANK0                       000020  00000A  00002A        20       1  BANK0       1
                bssCOMMON                      000070  00000E  00007E        70       1  COMMON      1
                stringtext1                    000551  000019  00056A       AA2       0  STRCODE     2
                text1                          00056A  000002  00056C       AD4       0  CODE        2


UNUSED ADDRESS RANGES

        Name                Unused          Largest block    Delta
        BANK0            0002A-0006F              46           1
        BANK1            000A0-000EF              50           1
        BANK2            00120-0016F              50           1
        BANK3            001A0-001EF              50           1
        BANK4            00220-0026F              50           1
        BANK5            002A0-002EF              50           1
        BANK6            00320-0032F              10           1
        BIGRAM           02000-021EF             1F0           1
        CODE             00002-00003               2           2
                         0056C-01FFF             800
        CONST            00002-00003               2           2
                         0056C-01FFF             100
        EEDATA           0F000-0F0FF             100           2
        ENTRY            00002-00003               2           2
                         0056C-01FFF             100
        RAM              0002A-0006F              46           1
                         000A0-000EF              50
                         00120-0016F              50
                         001A0-001EF              50
                         00220-0026F              50
                         002A0-002EF              50
                         00320-0032F              10
        SFR0             00000-0001F              20           1
        SFR1             00080-0009F              20           1
        SFR10            00500-0056F              70           1
        SFR11            00580-005EF              70           1
        SFR12            00600-0066F              70           1
        SFR13            00680-006EF              70           1
        SFR14            00700-0076F              70           1
        SFR15            00780-007EF              70           1
        SFR16            00800-0086F              70           1
        SFR17            00880-008EF              70           1
        SFR18            00900-0096F              70           1
        SFR19            00980-009EF              70           1
        SFR2             00100-0011F              20           1
        SFR20            00A00-00A6F              70           1
        SFR21            00A80-00AEF              70           1
        SFR22            00B00-00B6F              70           1
        SFR23            00B80-00BEF              70           1
        SFR24            00C00-00C6F              70           1
        SFR25            00C80-00CEF              70           1
        SFR26            00D00-00D6F              70           1
        SFR27            00D80-00DEF              70           1
        SFR28            00E00-00E6F              70           1
        SFR29            00E80-00EEF              70           1
        SFR3             00180-0019F              20           1
        SFR30            00F00-00F6F              70           1
        SFR31            00F80-00FEF              70           1
        SFR4             00200-0021F              20           1
        SFR5             00280-0029F              20           1
        SFR6             00300-0031F              20           1
        SFR7             00380-003EF              70           1
        SFR8             00400-0046F              70           1
        SFR9             00480-004EF              70           1
        STRCODE          00002-00003               2           2
                         0056C-01FFF            1A94
        STRING           00002-00003               2           2
                         0056C-01FFF             100

                                  Symbol Table

EPWM1_LoadDutyValue@dutyValue             cstackCOMMON 00078
TMR0_SetInterruptHandler@InterruptHandler cstackCOMMON 00078
TMR0_WriteTimer@timerVal                  cstackCOMMON 00078
TMR2_HasOverflowOccured@status            cstackCOMMON 00078
TMR2_LoadPeriodRegister@periodVal         cstackCOMMON 00078
TMR2_WriteTimer@timerVal                  cstackCOMMON 00078
_ANSELA                                   (abs)        0018C
_ANSELB                                   (abs)        0018D
_APFCON                                   (abs)        0011D
_BORCON                                   (abs)        00116
_CCP1CON                                  (abs)        00293
_CCPR1H                                   (abs)        00292
_CCPR1L                                   (abs)        00291
_CCPTMRS0bits                             (abs)        0029E
_DRL_on                                   text51       003EC
_ECCP1AS                                  (abs)        00295
_EPWM1_Initialize                         text20       00493
_EPWM1_LoadDutyValue                      text57       0041E
_INTCONbits                               (abs)        0000B
_INTERRUPT_InterruptManager               intentry     00004
_LATA                                     (abs)        0010C
_LATAbits                                 (abs)        0010C
_LATB                                     (abs)        0010D
_LATC                                     (abs)        0010E
_LATCbits                                 (abs)        0010E
_LATE                                     (abs)        00110
_LED_main                                 text21       001A7
_OPTION_REG                               (abs)        00095
_OPTION_REGbits                           (abs)        00095
_ORB                                      bssCOMMON    00077
_OSCCON                                   (abs)        00099
_OSCILLATOR_Initialize                    text19       004A0
_OSCTUNE                                  (abs)        00098
_P2_off                                   text48       00546
_P2_on                                    text47       00543
_PIN_MANAGER_IOC                          text12       0056B
_PIN_MANAGER_Initialize                   text18       00406
_PIR1bits                                 (abs)        00011
_PLLR                                     (abs)        004D6
_PORTBbits                                (abs)        0000D
_PORTCbits                                (abs)        0000E
_POS_on                                   text49       003D2
_PR2                                      (abs)        0001B
_PSTR1CON                                 (abs)        00296
_PWM1CON                                  (abs)        00294
_PWM_DRL                                  text56       004E5
_PWM_POS                                  text50       004DD
_PWM_all_off                              text11       004ED
_PWM_turn_signals                         text44       004D5
_SYSTEM_Initialize                        text14       00435
_T2CON                                    (abs)        0001C
_T2CONbits                                (abs)        0001C
_TMR0                                     (abs)        00015
_TMR0_ISR                                 text59       00468
_TMR0_Initialize                          text17       00486
_TMR0_InterruptHandler                    bssBANK0     00024
_TMR0_ReadTimer                           text10       00540
_TMR0_Reload                              text9        00523
_TMR0_SetInterruptHandler                 text13       004F4
_TMR0_WriteTimer                          text8        0050A
_TMR2                                     (abs)        0001A
_TMR2_HasOverflowOccured                  text7        004B8
_TMR2_Initialize                          text16       004CD
_TMR2_LoadPeriodRegister                  text6        00505
_TMR2_ReadTimer                           text5        0053D
_TMR2_StartTimer                          text4        0053A
_TMR2_StopTimer                           text3        00537
_TMR2_WriteTimer                          text2        00500
_TRISA                                    (abs)        0008C
_TRISB                                    (abs)        0008D
_TRISC                                    (abs)        0008E
_TRISE                                    (abs)        00090
_WDTCON                                   (abs)        00097
_WDT_Initialize                           text15       00527
_WPUB                                     (abs)        0020D
_WPUE                                     (abs)        00210
__H__absolute__                           __absolute__ 00000
__Habs1                                   abs1         00000
__Hbank0                                  bank0        00000
__Hbank1                                  bank1        00000
__Hbank10                                 bank10       00000
__Hbank11                                 bank11       00000
__Hbank12                                 bank12       00000
__Hbank13                                 bank13       00000
__Hbank14                                 bank14       00000
__Hbank15                                 bank15       00000
__Hbank16                                 bank16       00000
__Hbank17                                 bank17       00000
__Hbank18                                 bank18       00000
__Hbank19                                 bank19       00000
__Hbank2                                  bank2        00000
__Hbank20                                 bank20       00000
__Hbank21                                 bank21       00000
__Hbank22                                 bank22       00000
__Hbank23                                 bank23       00000
__Hbank24                                 bank24       00000
__Hbank25                                 bank25       00000
__Hbank26                                 bank26       00000
__Hbank27                                 bank27       00000
__Hbank28                                 bank28       00000
__Hbank29                                 bank29       00000
__Hbank3                                  bank3        00000
__Hbank30                                 bank30       00000
__Hbank31                                 bank31       00000
__Hbank4                                  bank4        00000
__Hbank5                                  bank5        00000
__Hbank6                                  bank6        00000
__Hbank7                                  bank7        00000
__Hbank8                                  bank8        00000
__Hbank9                                  bank9        00000
__Hbigram                                 bigram       00000
__HbssBANK0                               bssBANK0     00000
__HbssCOMMON                              bssCOMMON    00000
__Hcinit                                  cinit        00031
__Hclrtext                                clrtext      00000
__Hcode                                   code         00000
__Hcommon                                 common       00000
__Hconfig                                 config       08009
__HcstackCOMMON                           cstackCOMMON 00000
__HdataBANK0                              dataBANK0    00000
__Heeprom_data                            eeprom_data  00000
__Hend_init                               end_init     00015
__Hfunctab                                functab      00000
__Hheap                                   heap         00000
__HidataBANK0                             idataBANK0   00000
__Hidloc                                  idloc        08004
__Hinit                                   init         00013
__Hintentry                               intentry     00013
__Hmaintext                               maintext     00000
__Hpowerup                                powerup      00000
__Hram                                    ram          00000
__Hreset_vec                              reset_vec    00002
__Hsfr0                                   sfr0         00000
__Hsfr1                                   sfr1         00000
__Hsfr10                                  sfr10        00000
__Hsfr11                                  sfr11        00000
__Hsfr12                                  sfr12        00000
__Hsfr13                                  sfr13        00000
__Hsfr14                                  sfr14        00000
__Hsfr15                                  sfr15        00000
__Hsfr16                                  sfr16        00000
__Hsfr17                                  sfr17        00000
__Hsfr18                                  sfr18        00000
__Hsfr19                                  sfr19        00000
__Hsfr2                                   sfr2         00000
__Hsfr20                                  sfr20        00000
__Hsfr21                                  sfr21        00000
__Hsfr22                                  sfr22        00000
__Hsfr23                                  sfr23        00000
__Hsfr24                                  sfr24        00000
__Hsfr25                                  sfr25        00000
__Hsfr26                                  sfr26        00000
__Hsfr27                                  sfr27        00000
__Hsfr28                                  sfr28        00000
__Hsfr29                                  sfr29        00000
__Hsfr3                                   sfr3         00000
__Hsfr30                                  sfr30        00000
__Hsfr31                                  sfr31        00000
__Hsfr4                                   sfr4         00000
__Hsfr5                                   sfr5         00000
__Hsfr6                                   sfr6         00000
__Hsfr7                                   sfr7         00000
__Hsfr8                                   sfr8         00000
__Hsfr9                                   sfr9         00000
__Hsivt                                   sivt         00013
__Hspace_0                                (abs)        0056C
__Hspace_1                                (abs)        0007E
__Hspace_2                                (abs)        00000
__Hspace_3                                (abs)        00000
__Hspace_4                                (abs)        10010
__Hstack                                  stack        00000
__Hstrings                                strings      00000
__Hstringtext1                            stringtext1  00000
__Hstringtext10                           stringtext10 00000
__Hstringtext11                           stringtext11 00000
__Hstringtext12                           stringtext12 00000
__Hstringtext13                           stringtext13 00000
__Hstringtext14                           stringtext14 00000
__Hstringtext15                           stringtext15 00000
__Hstringtext16                           stringtext16 00000
__Hstringtext17                           stringtext17 00000
__Hstringtext18                           stringtext18 00000
__Hstringtext19                           stringtext19 00000
__Hstringtext2                            stringtext2  00000
__Hstringtext3                            stringtext3  00000
__Hstringtext4                            stringtext4  00000
__Hstringtext5                            stringtext5  00000
__Hstringtext6                            stringtext6  00000
__Hstringtext7                            stringtext7  00000
__Hstringtext8                            stringtext8  00000
__Hstringtext9                            stringtext9  00000
__Htext                                   text         00000
__L__absolute__                           __absolute__ 00000
__Labs1                                   abs1         00000
__Lbank0                                  bank0        00000
__Lbank1                                  bank1        00000
__Lbank10                                 bank10       00000
__Lbank11                                 bank11       00000
__Lbank12                                 bank12       00000
__Lbank13                                 bank13       00000
__Lbank14                                 bank14       00000
__Lbank15                                 bank15       00000
__Lbank16                                 bank16       00000
__Lbank17                                 bank17       00000
__Lbank18                                 bank18       00000
__Lbank19                                 bank19       00000
__Lbank2                                  bank2        00000
__Lbank20                                 bank20       00000
__Lbank21                                 bank21       00000
__Lbank22                                 bank22       00000
__Lbank23                                 bank23       00000
__Lbank24                                 bank24       00000
__Lbank25                                 bank25       00000
__Lbank26                                 bank26       00000
__Lbank27                                 bank27       00000
__Lbank28                                 bank28       00000
__Lbank29                                 bank29       00000
__Lbank3                                  bank3        00000
__Lbank30                                 bank30       00000
__Lbank31                                 bank31       00000
__Lbank4                                  bank4        00000
__Lbank5                                  bank5        00000
__Lbank6                                  bank6        00000
__Lbank7                                  bank7        00000
__Lbank8                                  bank8        00000
__Lbank9                                  bank9        00000
__Lbigram                                 bigram       00000
__LbssBANK0                               bssBANK0     00000
__LbssCOMMON                              bssCOMMON    00000
__Lcinit                                  cinit        00015
__Lclrtext                                clrtext      00000
__Lcode                                   code         00000
__Lcommon                                 common       00000
__Lconfig                                 config       00000
__LcstackCOMMON                           cstackCOMMON 00000
__LdataBANK0                              dataBANK0    00000
__Leeprom_data                            eeprom_data  00000
__Lend_init                               end_init     00013
__Lfunctab                                functab      00000
__Lheap                                   heap         00000
__LidataBANK0                             idataBANK0   00000
__Lidloc                                  idloc        00000
__Linit                                   init         00013
__Lintentry                               intentry     00004
__Lmaintext                               maintext     00000
__Lpowerup                                powerup      00000
__Lram                                    ram          00000
__Lreset_vec                              reset_vec    00000
__Lsfr0                                   sfr0         00000
__Lsfr1                                   sfr1         00000
__Lsfr10                                  sfr10        00000
__Lsfr11                                  sfr11        00000
__Lsfr12                                  sfr12        00000
__Lsfr13                                  sfr13        00000
__Lsfr14                                  sfr14        00000
__Lsfr15                                  sfr15        00000
__Lsfr16                                  sfr16        00000
__Lsfr17                                  sfr17        00000
__Lsfr18                                  sfr18        00000
__Lsfr19                                  sfr19        00000
__Lsfr2                                   sfr2         00000
__Lsfr20                                  sfr20        00000
__Lsfr21                                  sfr21        00000
__Lsfr22                                  sfr22        00000
__Lsfr23                                  sfr23        00000
__Lsfr24                                  sfr24        00000
__Lsfr25                                  sfr25        00000
__Lsfr26                                  sfr26        00000
__Lsfr27                                  sfr27        00000
__Lsfr28                                  sfr28        00000
__Lsfr29                                  sfr29        00000
__Lsfr3                                   sfr3         00000
__Lsfr30                                  sfr30        00000
__Lsfr31                                  sfr31        00000
__Lsfr4                                   sfr4         00000
__Lsfr5                                   sfr5         00000
__Lsfr6                                   sfr6         00000
__Lsfr7                                   sfr7         00000
__Lsfr8                                   sfr8         00000
__Lsfr9                                   sfr9         00000
__Lsivt                                   sivt         00013
__Lspace_0                                (abs)        00000
__Lspace_1                                (abs)        00000
__Lspace_2                                (abs)        00000
__Lspace_3                                (abs)        00000
__Lspace_4                                (abs)        00000
__Lstack                                  stack        00000
__Lstrings                                strings      00000
__Lstringtext1                            stringtext1  00000
__Lstringtext10                           stringtext10 00000
__Lstringtext11                           stringtext11 00000
__Lstringtext12                           stringtext12 00000
__Lstringtext13                           stringtext13 00000
__Lstringtext14                           stringtext14 00000
__Lstringtext15                           stringtext15 00000
__Lstringtext16                           stringtext16 00000
__Lstringtext17                           stringtext17 00000
__Lstringtext18                           stringtext18 00000
__Lstringtext19                           stringtext19 00000
__Lstringtext2                            stringtext2  00000
__Lstringtext3                            stringtext3  00000
__Lstringtext4                            stringtext4  00000
__Lstringtext5                            stringtext5  00000
__Lstringtext6                            stringtext6  00000
__Lstringtext7                            stringtext7  00000
__Lstringtext8                            stringtext8  00000
__Lstringtext9                            stringtext9  00000
__Ltext                                   text         00000
__S0                                      (abs)        0056C
__S1                                      (abs)        0007E
__S3                                      (abs)        00000
___heap_hi                                (abs)        00000
___heap_lo                                (abs)        00000
___int_sp                                 stack        00000
___int_stack_hi                           stack        00000
___int_stack_lo                           stack        00000
___latbits                                (abs)        00002
___sp                                     stack        00000
___stack_hi                               stack        00000
___stack_lo                               stack        00000
___stackhi                                (abs)        00000
___stacklo                                (abs)        00000
__end_of_BIT_DRL                          stringtext14 00565
__end_of_BIT_POS                          stringtext13 00564
__end_of_BIT_TEST                         stringtext11 00562
__end_of_BIT_TURN                         stringtext15 00566
__end_of_BIT_WELCOME                      stringtext10 00561
__end_of_BIT_WHITE                        stringtext12 00563
__end_of_DRL_on                           text51       00406
__end_of_EPWM1_Initialize                 text20       004A0
__end_of_EPWM1_LoadDutyValue              text57       00435
__end_of_II_CNT                           stringtext17 00568
__end_of_INTERRUPT_InterruptManager       intentry     00013
__end_of_LED_main                         text21       001E0
__end_of_OFF                              stringtext8  0055F
__end_of_ON                               stringtext9  00560
__end_of_OSCILLATOR_Initialize            text19       004AC
__end_of_P2_off                           text48       00549
__end_of_P2_on                            text47       00546
__end_of_PIN_MANAGER_IOC                  text12       0056C
__end_of_PIN_MANAGER_Initialize           text18       0041E
__end_of_POS_on                           text49       003EC
__end_of_PWM1_DutyCycle_100PERCENT        stringtext6  0055D
__end_of_PWM1_DutyCycle_60PERCENT         stringtext5  0055B
__end_of_PWM1_DutyCycle_6PERCENT          stringtext4  00559
__end_of_PWM_DRL                          text56       004ED
__end_of_PWM_MAX                          stringtext16 00567
__end_of_PWM_POS                          text50       004E5
__end_of_PWM_all_off                      text11       004F4
__end_of_PWM_turn_signals                 text44       004DD
__end_of_SYSTEM_Initialize                text14       00448
__end_of_TEST_DELAY_MS                    stringtext18 00569
__end_of_TMR0_ISR                         text59       00478
__end_of_TMR0_Initialize                  text17       00493
__end_of_TMR0_ReadTimer                   text10       00543
__end_of_TMR0_Reload                      text9        00527
__end_of_TMR0_SetInterruptHandler         text13       004FA
__end_of_TMR0_WriteTimer                  text8        0050F
__end_of_TMR2_HasOverflowOccured          text7        004C3
__end_of_TMR2_Initialize                  text16       004D5
__end_of_TMR2_LoadPeriodRegister          text6        0050A
__end_of_TMR2_ReadTimer                   text5        00540
__end_of_TMR2_StartTimer                  text4        0053D
__end_of_TMR2_StopTimer                   text3        0053A
__end_of_TMR2_WriteTimer                  text2        00505
__end_of_TURN_DELAY_MS                    stringtext19 0056A
__end_of_TURN_LIGHT_OFF_600MS             stringtext1  00553
__end_of_TURN_LIGHT_ON_600MS              stringtext3  00557
__end_of_WDT_Initialize                   text15       0052B
__end_of_WELCOME_DELAY_MS                 stringtext7  0055E
__end_of_WELCOME_LIGHT_TOTAL_MS           stringtext2  00555
__end_of__initialization                  cinit        0002D
__end_of_all_led_off                      text43       004CD
__end_of_all_white_led_turn_off           text55       0054F
__end_of_all_white_led_turn_on            text54       0054C
__end_of_all_yellow_led_turn_off          text53       00523
__end_of_all_yellow_led_turn_on           text52       00500
__end_of_check_POS_P2                     text46       004B8
__end_of_check_test_mode                  text45       00468
__end_of_check_welcome_light              text30       000F8
__end_of_clear_no_call_warning_message    text1        0056B
__end_of_debounce_IO                      text23       001A7
__end_of_delay_ms                         text42       003B8
__end_of_delay_us                         text41       00458
__end_of_is_DRL                           text29       00537
__end_of_is_POS                           text28       0051E
__end_of_is_WELCOME                       text27       00519
__end_of_is_test                          text26       00533
__end_of_is_turn_signals                  text25       0052F
__end_of_is_white                         text24       00514
__end_of_main                             maintext     003D2
__end_of_tellow_seg1_backward             text40       00322
__end_of_tmr0_10ms_even                   text60       00486
__end_of_turn_on_turn_signals             text22       00164
__end_of_white_fad_out                    text39       0039D
__end_of_yellow_seg1_forward              text38       002CA
__end_of_yellow_seg2_backward             text37       002F6
__end_of_yellow_seg2_forward              text36       0029D
__end_of_yellow_seg3_backward             text35       00376
__end_of_yellow_seg3_forward              text34       00270
__end_of_yellow_seg4_backward             text33       0034C
__end_of_yellow_seg4_forward              text32       00240
__end_of_yellow_to_white                  text31       00210
__initialization                          cinit        00015
__pbssBANK0                               bssBANK0     00020
__pbssCOMMON                              bssCOMMON    00070
__pcstackCOMMON                           cstackCOMMON 00078
__pdataBANK0                              dataBANK0    00028
__pidataBANK0                             idataBANK0   0054F
__pintentry                               intentry     00004
__pmaintext                               maintext     003B8
__pstringtext1                            stringtext1  00551
__pstringtext10                           stringtext10 00560
__pstringtext11                           stringtext11 00561
__pstringtext12                           stringtext12 00562
__pstringtext13                           stringtext13 00563
__pstringtext14                           stringtext14 00564
__pstringtext15                           stringtext15 00565
__pstringtext16                           stringtext16 00566
__pstringtext17                           stringtext17 00567
__pstringtext18                           stringtext18 00568
__pstringtext19                           stringtext19 00569
__pstringtext2                            stringtext2  00553
__pstringtext3                            stringtext3  00555
__pstringtext4                            stringtext4  00557
__pstringtext5                            stringtext5  00559
__pstringtext6                            stringtext6  0055B
__pstringtext7                            stringtext7  0055D
__pstringtext8                            stringtext8  0055E
__pstringtext9                            stringtext9  0055F
__ptext1                                  text1        0056A
__ptext10                                 text10       00540
__ptext11                                 text11       004ED
__ptext12                                 text12       0056B
__ptext13                                 text13       004F4
__ptext14                                 text14       00435
__ptext15                                 text15       00527
__ptext16                                 text16       004CD
__ptext17                                 text17       00486
__ptext18                                 text18       00406
__ptext19                                 text19       004A0
__ptext2                                  text2        00500
__ptext20                                 text20       00493
__ptext21                                 text21       001A7
__ptext22                                 text22       000F8
__ptext23                                 text23       00164
__ptext24                                 text24       0050F
__ptext25                                 text25       0052B
__ptext26                                 text26       0052F
__ptext27                                 text27       00514
__ptext28                                 text28       00519
__ptext29                                 text29       00533
__ptext3                                  text3        00537
__ptext30                                 text30       00031
__ptext31                                 text31       001E0
__ptext32                                 text32       00210
__ptext33                                 text33       00322
__ptext34                                 text34       00240
__ptext35                                 text35       0034C
__ptext36                                 text36       00270
__ptext37                                 text37       002CA
__ptext38                                 text38       0029D
__ptext39                                 text39       00376
__ptext4                                  text4        0053A
__ptext40                                 text40       002F6
__ptext41                                 text41       00448
__ptext42                                 text42       0039D
__ptext43                                 text43       004C3
__ptext44                                 text44       004D5
__ptext45                                 text45       00458
__ptext46                                 text46       004AC
__ptext47                                 text47       00543
__ptext48                                 text48       00546
__ptext49                                 text49       003D2
__ptext5                                  text5        0053D
__ptext50                                 text50       004DD
__ptext51                                 text51       003EC
__ptext52                                 text52       004FA
__ptext53                                 text53       0051E
__ptext54                                 text54       00549
__ptext55                                 text55       0054C
__ptext56                                 text56       004E5
__ptext57                                 text57       0041E
__ptext59                                 text59       00468
__ptext6                                  text6        00505
__ptext60                                 text60       00478
__ptext7                                  text7        004B8
__ptext8                                  text8        0050A
__ptext9                                  text9        00523
_all_led_off                              text43       004C3
_all_white_led_turn_off                   text55       0054C
_all_white_led_turn_on                    text54       00549
_all_yellow_led_turn_off                  text53       0051E
_all_yellow_led_turn_on                   text52       004FA
_check_POS_P2                             text46       004AC
_check_test_mode                          text45       00458
_check_welcome_light                      text30       00031
_clear_no_call_warning_message            text1        0056A
_debounce_IO                              text23       00164
_delay_ms                                 text42       0039D
_delay_us                                 text41       00448
_f1ms                                     bssCOMMON    00076
_fWelcome_light                           bssCOMMON    00075
_fWelcome_light_disable                   bssCOMMON    00074
_is_DRL                                   text29       00533
_is_POS                                   text28       00519
_is_WELCOME                               text27       00514
_is_test                                  text26       0052F
_is_turn_signals                          text25       0052B
_is_white                                 text24       0050F
_main                                     maintext     003B8
_tDelay_ms                                dataBANK0    00028
_tWelcome_cnt_ms                          bssBANK0     00020
_t_1ms_cnt                                bssBANK0     00026
_tellow_seg1_backward                     text40       002F6
_timer0ReloadVal                          bssCOMMON    00070
_tmr0_10ms_even                           text60       00478
_turn_on_turn_signals                     text22       000F8
_white_fad_out                            text39       00376
_yellow_seg1_forward                      text38       0029D
_yellow_seg2_backward                     text37       002CA
_yellow_seg2_forward                      text36       00270
_yellow_seg3_backward                     text35       0034C
_yellow_seg3_forward                      text34       00240
_yellow_seg4_backward                     text33       00322
_yellow_seg4_forward                      text32       00210
_yellow_to_white                          text31       001E0
btemp                                     (abs)        0007E
check_welcome_light@eWelcome_step         bssCOMMON    00071
debounce_IO@TRB                           bssCOMMON    00073
debounce_IO@temp                          cstackCOMMON 00078
delay_ms@ms                               cstackCOMMON 00078
delay_us@us                               cstackCOMMON 00078
end_of_initialization                     cinit        0002D
int$flags                                 (abs)        0007E
intlevel0                                 functab      00000
intlevel1                                 functab      00000
intlevel2                                 functab      00000
intlevel3                                 functab      00000
intlevel4                                 functab      00000
intlevel5                                 functab      00000
reset_vec                                 reset_vec    00000
start                                     init         00013
start_initialization                      cinit        00015
tellow_seg1_backward@ii                   cstackCOMMON 00079
tellow_seg1_backward@pwm_idx              cstackCOMMON 0007A
turn_on_turn_signals@eTurn_step           bssCOMMON    00072
white_fad_out@ii                          cstackCOMMON 00079
white_fad_out@pwm_idx                     cstackCOMMON 0007A
wtemp0                                    (abs)        0007E
yellow_seg1_forward@ii                    cstackCOMMON 00079
yellow_seg1_forward@pwm_idx               cstackCOMMON 0007A
yellow_seg2_backward@ii                   cstackCOMMON 00079
yellow_seg2_backward@pwm_idx              cstackCOMMON 0007A
yellow_seg2_forward@ii                    cstackCOMMON 00079
yellow_seg2_forward@pwm_idx               cstackCOMMON 0007A
yellow_seg3_backward@ii                   cstackCOMMON 00079
yellow_seg3_backward@pwm_idx              cstackCOMMON 0007A
yellow_seg3_forward@ii                    cstackCOMMON 00079
yellow_seg3_forward@pwm_idx               cstackCOMMON 0007A
yellow_seg4_backward@ii                   cstackCOMMON 00079
yellow_seg4_backward@pwm_idx              cstackCOMMON 0007A
yellow_seg4_forward@ii                    cstackCOMMON 00079
yellow_seg4_forward@pwm_idx               cstackCOMMON 0007A
yellow_to_white@ii                        cstackCOMMON 00079
yellow_to_white@pwm_idx                   cstackCOMMON 0007A


MODULE INFORMATION

Module		Function		Class		Link	Load	Size
D:\yiming\00work\TY1500_U3_V06.X\mcc_generated_files\tmr0.c
		_TMR0_SetInterruptHandler		CODE           	04F4	0000	6
		_TMR0_Reload   		CODE           	0523	0000	4
		_TMR0_WriteTimer		CODE           	050A	0000	5
		_TMR0_ReadTimer		CODE           	0540	0000	3
		_TMR0_ISR      		CODE           	0468	0000	16
		_TMR0_Initialize		CODE           	0486	0000	13

D:\yiming\00work\TY1500_U3_V06.X\mcc_generated_files\tmr0.c estimated size: 47

D:\yiming\00work\TY1500_U3_V06.X\mcc_generated_files\pin_manager.c
		_PIN_MANAGER_Initialize		CODE           	0406	0000	24
		_PIN_MANAGER_IOC		CODE           	056B	0000	1

D:\yiming\00work\TY1500_U3_V06.X\mcc_generated_files\pin_manager.c estimated size: 25

D:\yiming\00work\TY1500_U3_V06.X\mcc_generated_files\interrupt_manager.c
		_INTERRUPT_InterruptManager		CODE           	0004	0000	15

D:\yiming\00work\TY1500_U3_V06.X\mcc_generated_files\interrupt_manager.c estimated size: 15

D:\yiming\00work\TY1500_U3_V06.X/LED.h
		_all_white_led_turn_on		CODE           	0549	0000	3
		_PWM_turn_signals		CODE           	04D5	0000	8
		_debounce_IO   		CODE           	0164	0000	67
		_tmr0_10ms_even		CODE           	0478	0000	14
		_all_yellow_led_turn_off		CODE           	051E	0000	5
		_P2_off        		CODE           	0546	0000	3
		_delay_us      		CODE           	0448	0000	16
		_POS_on        		CODE           	03D2	0000	26
		_clear_no_call_warning_message		CODE           	056A	0000	1
		_PWM_POS       		CODE           	04DD	0000	8
		_turn_on_turn_signals		CODE           	00F8	0000	108
		_is_turn_signals		CODE           	052B	0000	4
		_is_WELCOME    		CODE           	0514	0000	5
		_check_POS_P2  		CODE           	04AC	0000	12
		_all_led_off   		CODE           	04C3	0000	10
		_yellow_to_white		CODE           	01E0	0000	48
		_PWM_all_off   		CODE           	04ED	0000	7
		_white_fad_out 		CODE           	0376	0000	39
		_is_test       		CODE           	052F	0000	4
		_PWM_DRL       		CODE           	04E5	0000	8
		_P2_on         		CODE           	0543	0000	3
		_check_welcome_light		CODE           	0031	0000	199
		_check_test_mode		CODE           	0458	0000	16
		_tellow_seg1_backward		CODE           	02F6	0000	44
		_is_POS        		CODE           	0519	0000	5
		_all_white_led_turn_off		CODE           	054C	0000	3
		_delay_ms      		CODE           	039D	0000	27
		_all_yellow_led_turn_on		CODE           	04FA	0000	6
		_is_white      		CODE           	050F	0000	5
		_yellow_seg2_backward		CODE           	02CA	0000	44
		_yellow_seg3_backward		CODE           	034C	0000	42
		_yellow_seg4_backward		CODE           	0322	0000	42
		_LED_main      		CODE           	01A7	0000	57
		_is_DRL        		CODE           	0533	0000	4
		_yellow_seg1_forward		CODE           	029D	0000	45
		_yellow_seg2_forward		CODE           	0270	0000	45
		_yellow_seg3_forward		CODE           	0240	0000	48
		_yellow_seg4_forward		CODE           	0210	0000	48
		_DRL_on        		CODE           	03EC	0000	26

D:\yiming\00work\TY1500_U3_V06.X/LED.h estimated size: 1105

D:\yiming\00work\TY1500_U3_V06.X\mcc_generated_files\mcc.c
		_WDT_Initialize		CODE           	0527	0000	4
		_OSCILLATOR_Initialize		CODE           	04A0	0000	12
		_SYSTEM_Initialize		CODE           	0435	0000	19

D:\yiming\00work\TY1500_U3_V06.X\mcc_generated_files\mcc.c estimated size: 35

shared
		_BIT_WHITE     		STRCODE        	0000	0000	0
		_TURN_LIGHT_ON_600MS		STRCODE        	0000	0000	0
		_BIT_WELCOME   		STRCODE        	0000	0000	0
		_BIT_POS       		STRCODE        	0000	0000	0
		_BIT_TURN      		STRCODE        	0000	0000	0
		_BIT_DRL       		STRCODE        	0000	0000	0
		_TURN_DELAY_MS 		STRCODE        	0000	0000	0
		_BIT_TEST      		STRCODE        	0000	0000	0
		_PWM_MAX       		STRCODE        	0000	0000	0
		_OFF           		STRCODE        	0000	0000	0
		_TURN_LIGHT_OFF_600MS		STRCODE        	0000	0000	0
		_WELCOME_LIGHT_TOTAL_MS		STRCODE        	0000	0000	0
		_PWM1_DutyCycle_6PERCENT		STRCODE        	0000	0000	0
		__initialization		CODE           	0015	0000	24
		_PWM1_DutyCycle_60PERCENT		STRCODE        	0000	0000	0
		_TEST_DELAY_MS 		STRCODE        	0000	0000	0
		_II_CNT        		STRCODE        	0000	0000	0
		_ON            		STRCODE        	0000	0000	0
		_PWM1_DutyCycle_100PERCENT		STRCODE        	0000	0000	0
		_WELCOME_DELAY_MS		STRCODE        	0000	0000	0

shared estimated size: 24

D:\yiming\00work\TY1500_U3_V06.X\mcc_generated_files\epwm1.c
		_EPWM1_LoadDutyValue		CODE           	041E	0000	23
		_EPWM1_Initialize		CODE           	0493	0000	13

D:\yiming\00work\TY1500_U3_V06.X\mcc_generated_files\epwm1.c estimated size: 36

D:\yiming\00work\TY1500_U3_V06.X\main.c
		_main          		CODE           	03B8	0000	26

D:\yiming\00work\TY1500_U3_V06.X\main.c estimated size: 26

D:\yiming\00work\TY1500_U3_V06.X\mcc_generated_files\tmr2.c
		_TMR2_LoadPeriodRegister		CODE           	0505	0000	5
		_TMR2_Initialize		CODE           	04CD	0000	8
		_TMR2_StopTimer		CODE           	0537	0000	3
		_TMR2_WriteTimer		CODE           	0500	0000	5
		_TMR2_StartTimer		CODE           	053A	0000	3
		_TMR2_ReadTimer		CODE           	053D	0000	3
		_TMR2_HasOverflowOccured		CODE           	04B8	0000	11

D:\yiming\00work\TY1500_U3_V06.X\mcc_generated_files\tmr2.c estimated size: 38

